Component: ARM Compiler 5.05 update 2 (build 169) Tool: armlink [4d0f33]

==============================================================================

Section Cross References

    main.o(.text) refers to _printf_pad.o(.text) for _printf_pre_padding
    main.o(.text) refers to _printf_percent.o(.ARM.Collect$$_printf_percent$$00000000) for _printf_percent
    main.o(.text) refers to _printf_x.o(.ARM.Collect$$_printf_percent$$0000000C) for _printf_x
    main.o(.text) refers to _printf_s.o(.ARM.Collect$$_printf_percent$$00000014) for _printf_s
    main.o(.text) refers to _printf_hex_int.o(.text) for _printf_longlong_hex
    main.o(.text) refers to _printf_str.o(.text) for _printf_str
    main.o(.text) refers to _printf_d.o(.ARM.Collect$$_printf_percent$$00000009) for _printf_d
    main.o(.text) refers to _printf_dec.o(.text) for _printf_int_dec
    main.o(.text) refers to code_input.o(.text) for get_code_input
    main.o(.text) refers to noretval__2printf.o(.text) for __2printf
    main.o(.text) refers to delay.o(.text) for Delay_Init
    main.o(.text) refers to led.o(.text) for LED_Init
    main.o(.text) refers to usart1.o(.text) for USART1_Init
    main.o(.text) refers to board_gpio.o(.data) for gpio_bit_val
    main.o(.text) refers to main.o(.data) for gray2index
    stm32f0xx_gpio.o(.text) refers to stm32f0xx_rcc.o(.text) for RCC_AHBPeriphResetCmd
    stm32f0xx_rcc.o(.text) refers to aeabi_sdiv.o(.text) for __aeabi_uidivmod
    stm32f0xx_rcc.o(.text) refers to stm32f0xx_rcc.o(.data) for APBAHBPrescTable
    stm32f0xx_usart.o(.text) refers to stm32f0xx_rcc.o(.text) for RCC_APB2PeriphResetCmd
    stm32f0xx_usart.o(.text) refers to aeabi_sdiv.o(.text) for __aeabi_uidivmod
    led.o(.text) refers to stm32f0xx_rcc.o(.text) for RCC_AHBPeriphClockCmd
    led.o(.text) refers to stm32f0xx_gpio.o(.text) for GPIO_Init
    delay.o(.text) refers to delay.o(.data) for fac_ms
    code_input.o(.text) refers to board_gpio.o(.text) for init_gpio
    code_input.o(.text) refers to code_input.o(.data) for data_pin_ctl
    board_gpio.o(.text) refers to _printf_percent.o(.ARM.Collect$$_printf_percent$$00000000) for _printf_percent
    board_gpio.o(.text) refers to _printf_d.o(.ARM.Collect$$_printf_percent$$00000009) for _printf_d
    board_gpio.o(.text) refers to _printf_dec.o(.text) for _printf_int_dec
    board_gpio.o(.text) refers to stm32f0xx_rcc.o(.text) for RCC_AHBPeriphClockCmd
    board_gpio.o(.text) refers to stm32f0xx_gpio.o(.text) for GPIO_Init
    board_gpio.o(.text) refers to noretval__2printf.o(.text) for __2printf
    board_gpio.o(.text) refers to stm32f0xx_syscfg.o(.text) for SYSCFG_EXTILineConfig
    board_gpio.o(.text) refers to stm32f0xx_exti.o(.text) for EXTI_Init
    board_gpio.o(.text) refers to stm32f0xx_misc.o(.text) for NVIC_Init
    board_gpio.o(.text) refers to board_gpio.o(.bss) for pgpio_exti
    board_gpio.o(.text) refers to board_gpio.o(.data) for gpio_bit_val
    usart1.o(.rev16_text) refers (Special) to use_no_semi_2.o(.text) for __use_no_semihosting
    usart1.o(.revsh_text) refers (Special) to use_no_semi_2.o(.text) for __use_no_semihosting
    usart1.o(.text) refers (Special) to use_no_semi_2.o(.text) for __use_no_semihosting
    usart1.o(.text) refers to stm32f0xx_rcc.o(.text) for RCC_AHBPeriphClockCmd
    usart1.o(.text) refers to stm32f0xx_gpio.o(.text) for GPIO_Init
    usart1.o(.text) refers to stm32f0xx_usart.o(.text) for USART_Init
    usart1.o(.text) refers to stm32f0xx_misc.o(.text) for NVIC_Init
    usart1.o(.text) refers to rt_memclr.o(.text) for __aeabi_memclr
    usart1.o(.text) refers to usart1.o(.data) for GPIO_InitStructure
    usart1.o(.text) refers to usart1.o(.bss) for rec_buff
    usart1.o(.bss) refers (Special) to use_no_semi_2.o(.text) for __use_no_semihosting
    usart1.o(.data) refers (Special) to use_no_semi_2.o(.text) for __use_no_semihosting
    startup_stm32f0xx_ld.o(STACK) refers (Special) to heapauxi.o(.text) for __use_two_region_memory
    startup_stm32f0xx_ld.o(HEAP) refers (Special) to heapauxi.o(.text) for __use_two_region_memory
    startup_stm32f0xx_ld.o(RESET) refers (Special) to heapauxi.o(.text) for __use_two_region_memory
    startup_stm32f0xx_ld.o(RESET) refers to startup_stm32f0xx_ld.o(STACK) for __initial_sp
    startup_stm32f0xx_ld.o(RESET) refers to startup_stm32f0xx_ld.o(.text) for Reset_Handler
    startup_stm32f0xx_ld.o(RESET) refers to board_gpio.o(.text) for EXTI0_1_IRQHandler
    startup_stm32f0xx_ld.o(RESET) refers to usart1.o(.text) for USART1_IRQHandler
    startup_stm32f0xx_ld.o(.text) refers (Special) to heapauxi.o(.text) for __use_two_region_memory
    startup_stm32f0xx_ld.o(.text) refers to system_stm32f0xx.o(.text) for SystemInit
    startup_stm32f0xx_ld.o(.text) refers to __main.o(!!!main) for __main
    startup_stm32f0xx_ld.o(.text) refers to startup_stm32f0xx_ld.o(HEAP) for Heap_Mem
    startup_stm32f0xx_ld.o(.text) refers to startup_stm32f0xx_ld.o(STACK) for Stack_Mem
    system_stm32f0xx.o(.text) refers to aeabi_sdiv.o(.text) for __aeabi_uidivmod
    system_stm32f0xx.o(.text) refers to system_stm32f0xx.o(.data) for SystemCoreClock
    use_no_semi_2.o(.text) refers (Special) to use_no_semi.o(.text) for __use_no_semihosting_swi
    __2printf.o(.text) refers to _printf_char_file.o(.text) for _printf_char_file
    __2printf.o(.text) refers to usart1.o(.data) for __stdout
    noretval__2printf.o(.text) refers to _printf_char_file.o(.text) for _printf_char_file
    noretval__2printf.o(.text) refers to usart1.o(.data) for __stdout
    __printf.o(.text) refers to _printf_percent.o(.ARM.Collect$$_printf_percent$$00000000) for _printf_percent
    _printf_str.o(.text) refers (Special) to _printf_char.o(.text) for _printf_cs_common
    _printf_str.o(.text) refers (Weak) to _printf_pad.o(.text) for _printf_pre_padding
    _printf_str.o(.text) refers (Weak) to _printf_pad.o(.text) for _printf_post_padding
    _printf_dec.o(.text) refers to rtudiv10.o(.text) for __rt_udiv10
    _printf_dec.o(.text) refers to _printf_intcommon.o(.text) for _printf_int_common
    _printf_hex_ll.o(.text) refers to _printf_intcommon.o(.text) for _printf_int_common
    _printf_hex_ll.o(.text) refers to _printf_hex_ll.o(.constdata) for .constdata
    _printf_hex_int.o(.text) refers to _printf_intcommon.o(.text) for _printf_int_common
    _printf_hex_int.o(.text) refers to _printf_hex_int.o(.constdata) for .constdata
    _printf_hex_int_ll.o(.text) refers to _printf_intcommon.o(.text) for _printf_int_common
    _printf_hex_int_ll.o(.text) refers to _printf_hex_int_ll.o(.constdata) for .constdata
    _printf_hex_ptr.o(.text) refers to _printf_intcommon.o(.text) for _printf_int_common
    _printf_hex_ptr.o(.text) refers to _printf_hex_ptr.o(.constdata) for .constdata
    _printf_hex_int_ptr.o(.text) refers to _printf_intcommon.o(.text) for _printf_int_common
    _printf_hex_int_ptr.o(.text) refers to _printf_hex_int_ptr.o(.constdata) for .constdata
    _printf_hex_ll_ptr.o(.text) refers to _printf_intcommon.o(.text) for _printf_int_common
    _printf_hex_ll_ptr.o(.text) refers to _printf_hex_ll_ptr.o(.constdata) for .constdata
    _printf_hex_int_ll_ptr.o(.text) refers to _printf_intcommon.o(.text) for _printf_int_common
    _printf_hex_int_ll_ptr.o(.text) refers to _printf_hex_int_ll_ptr.o(.constdata) for .constdata
    __printf_flags.o(.text) refers to _printf_percent.o(.ARM.Collect$$_printf_percent$$00000000) for _printf_percent
    __printf_flags.o(.text) refers to __printf_flags.o(.constdata) for .constdata
    __printf_ss.o(.text) refers to _printf_percent.o(.ARM.Collect$$_printf_percent$$00000000) for _printf_percent
    __printf_flags_ss.o(.text) refers to _printf_percent.o(.ARM.Collect$$_printf_percent$$00000000) for _printf_percent
    __printf_flags_ss.o(.text) refers to __printf_flags_ss.o(.constdata) for .constdata
    __printf_wp.o(.text) refers to __printf_wp.o(i._is_digit) for _is_digit
    __printf_wp.o(.text) refers to _printf_percent.o(.ARM.Collect$$_printf_percent$$00000000) for _printf_percent
    __printf_flags_wp.o(.text) refers to __printf_wp.o(i._is_digit) for _is_digit
    __printf_flags_wp.o(.text) refers to _printf_percent.o(.ARM.Collect$$_printf_percent$$00000000) for _printf_percent
    __printf_flags_wp.o(.text) refers to __printf_flags_wp.o(.constdata) for .constdata
    __printf_ss_wp.o(.text) refers to __printf_wp.o(i._is_digit) for _is_digit
    __printf_ss_wp.o(.text) refers to _printf_percent.o(.ARM.Collect$$_printf_percent$$00000000) for _printf_percent
    __printf_flags_ss_wp.o(.text) refers to __printf_wp.o(i._is_digit) for _is_digit
    __printf_flags_ss_wp.o(.text) refers to _printf_percent.o(.ARM.Collect$$_printf_percent$$00000000) for _printf_percent
    __printf_flags_ss_wp.o(.text) refers to __printf_flags_ss_wp.o(.constdata) for .constdata
    _printf_s.o(.ARM.Collect$$_printf_percent$$00000014) refers (Weak) to _printf_char.o(.text) for _printf_string
    _printf_x.o(.ARM.Collect$$_printf_percent$$0000000C) refers (Weak) to _printf_hex_int.o(.text) for _printf_int_hex
    _printf_d.o(.ARM.Collect$$_printf_percent$$00000009) refers (Weak) to _printf_dec.o(.text) for _printf_int_dec
    _printf_percent.o(.ARM.Collect$$_printf_percent$$00000000) refers (Special) to _printf_percent_end.o(.ARM.Collect$$_printf_percent$$00000017) for _printf_percent_end
    __main.o(!!!main) refers to __rtentry.o(.ARM.Collect$$rtentry$$00000000) for __rt_entry
    __rtentry.o(.ARM.Collect$$rtentry$$00000000) refers (Special) to __rtentry2.o(.ARM.Collect$$rtentry$$0000000A) for __rt_entry_li
    __rtentry.o(.ARM.Collect$$rtentry$$00000000) refers (Special) to __rtentry2.o(.ARM.Collect$$rtentry$$0000000D) for __rt_entry_main
    __rtentry.o(.ARM.Collect$$rtentry$$00000000) refers (Special) to __rtentry2.o(.ARM.Collect$$rtentry$$0000000C) for __rt_entry_postli_1
    __rtentry.o(.ARM.Collect$$rtentry$$00000000) refers (Special) to __rtentry2.o(.ARM.Collect$$rtentry$$00000009) for __rt_entry_postsh_1
    __rtentry.o(.ARM.Collect$$rtentry$$00000000) refers (Special) to __rtentry2.o(.ARM.Collect$$rtentry$$00000002) for __rt_entry_presh_1
    __rtentry.o(.ARM.Collect$$rtentry$$00000000) refers (Special) to __rtentry4.o(.ARM.Collect$$rtentry$$00000004) for __rt_entry_sh
    aeabi_idiv0_sigfpe.o(.text) refers to rt_div0.o(.text) for __rt_div0
    _printf_intcommon.o(.text) refers (Weak) to _printf_pad.o(.text) for _printf_pre_padding
    _printf_intcommon.o(.text) refers (Weak) to _printf_pad.o(.text) for _printf_pre_padding
    _printf_intcommon.o(.text) refers (Weak) to _printf_pad.o(.text) for _printf_post_padding
    _printf_char.o(.text) refers (Weak) to _printf_str.o(.text) for _printf_str
    _printf_char_file.o(.text) refers to _printf_char_common.o(.text) for _printf_char_common
    _printf_char_file.o(.text) refers to ferror.o(.text) for ferror
    _printf_char_file.o(.text) refers to usart1.o(.text) for fputc
    __rtentry2.o(.ARM.Collect$$rtentry$$00000008) refers to boardinit2.o(.text) for _platform_post_stackheap_init
    __rtentry2.o(.ARM.Collect$$rtentry$$0000000A) refers to libinit.o(.ARM.Collect$$libinit$$00000000) for __rt_lib_init
    __rtentry2.o(.ARM.Collect$$rtentry$$0000000B) refers to boardinit3.o(.text) for _platform_post_lib_init
    __rtentry2.o(.ARM.Collect$$rtentry$$0000000D) refers to main.o(.text) for main
    __rtentry2.o(.ARM.Collect$$rtentry$$0000000D) refers to exit.o(.text) for exit
    __rtentry2.o(.ARM.exidx) refers to __rtentry2.o(.ARM.Collect$$rtentry$$00000001) for .ARM.Collect$$rtentry$$00000001
    __rtentry2.o(.ARM.exidx) refers to __rtentry2.o(.ARM.Collect$$rtentry$$00000008) for .ARM.Collect$$rtentry$$00000008
    __rtentry2.o(.ARM.exidx) refers to __rtentry2.o(.ARM.Collect$$rtentry$$0000000A) for .ARM.Collect$$rtentry$$0000000A
    __rtentry2.o(.ARM.exidx) refers to __rtentry2.o(.ARM.Collect$$rtentry$$0000000B) for .ARM.Collect$$rtentry$$0000000B
    __rtentry2.o(.ARM.exidx) refers to __rtentry2.o(.ARM.Collect$$rtentry$$0000000D) for .ARM.Collect$$rtentry$$0000000D
    __rtentry4.o(.ARM.Collect$$rtentry$$00000004) refers to sys_stackheap_outer.o(.text) for __user_setup_stackheap
    __rtentry4.o(.ARM.exidx) refers to __rtentry4.o(.ARM.Collect$$rtentry$$00000004) for .ARM.Collect$$rtentry$$00000004
    rt_div0.o(.text) refers to defsig_fpe_outer.o(.text) for __rt_SIGFPE
    _printf_char_common.o(.text) refers to __printf_flags_wp.o(.text) for __printf
    sys_stackheap_outer.o(.text) refers to libspace.o(.text) for __user_perproc_libspace
    sys_stackheap_outer.o(.text) refers to startup_stm32f0xx_ld.o(.text) for __user_initial_stackheap
    sys_stackheap_outer.o(__vectab_stack_and_reset_area) refers to tempstk.o(.text) for __temporary_stack_top
    sys_stackheap_outer.o(__vectab_stack_and_reset_area) refers to __main.o(!!!main) for __main
    exit.o(.text) refers to rtexit.o(.ARM.Collect$$rtexit$$00000000) for __rt_exit
    defsig_fpe_outer.o(.text) refers to defsig_fpe_inner.o(.text) for __rt_SIGFPE_inner
    defsig_fpe_outer.o(.text) refers to defsig_exit.o(.text) for __sig_exit
    defsig_fpe_formal.o(.text) refers to rt_raise.o(.text) for __rt_raise
    libinit.o(.ARM.Collect$$libinit$$00000000) refers (Special) to libinit2.o(.ARM.Collect$$libinit$$0000002E) for __rt_lib_init_alloca_1
    libinit.o(.ARM.Collect$$libinit$$00000000) refers (Special) to libinit2.o(.ARM.Collect$$libinit$$0000002C) for __rt_lib_init_argv_1
    libinit.o(.ARM.Collect$$libinit$$00000000) refers (Special) to libinit2.o(.ARM.Collect$$libinit$$0000001B) for __rt_lib_init_atexit_1
    libinit.o(.ARM.Collect$$libinit$$00000000) refers (Special) to libinit2.o(.ARM.Collect$$libinit$$00000021) for __rt_lib_init_clock_1
    libinit.o(.ARM.Collect$$libinit$$00000000) refers (Special) to libinit2.o(.ARM.Collect$$libinit$$00000032) for __rt_lib_init_cpp_1
    libinit.o(.ARM.Collect$$libinit$$00000000) refers (Special) to libinit2.o(.ARM.Collect$$libinit$$00000030) for __rt_lib_init_exceptions_1
    libinit.o(.ARM.Collect$$libinit$$00000000) refers (Special) to libinit2.o(.ARM.Collect$$libinit$$00000002) for __rt_lib_init_fp_1
    libinit.o(.ARM.Collect$$libinit$$00000000) refers (Special) to libinit2.o(.ARM.Collect$$libinit$$0000001F) for __rt_lib_init_fp_trap_1
    libinit.o(.ARM.Collect$$libinit$$00000000) refers (Special) to libinit2.o(.ARM.Collect$$libinit$$00000023) for __rt_lib_init_getenv_1
    libinit.o(.ARM.Collect$$libinit$$00000000) refers (Special) to libinit2.o(.ARM.Collect$$libinit$$0000000A) for __rt_lib_init_heap_1
    libinit.o(.ARM.Collect$$libinit$$00000000) refers (Special) to libinit2.o(.ARM.Collect$$libinit$$00000011) for __rt_lib_init_lc_collate_1
    libinit.o(.ARM.Collect$$libinit$$00000000) refers (Special) to libinit2.o(.ARM.Collect$$libinit$$00000013) for __rt_lib_init_lc_ctype_1
    libinit.o(.ARM.Collect$$libinit$$00000000) refers (Special) to libinit2.o(.ARM.Collect$$libinit$$00000015) for __rt_lib_init_lc_monetary_1
    libinit.o(.ARM.Collect$$libinit$$00000000) refers (Special) to libinit2.o(.ARM.Collect$$libinit$$00000017) for __rt_lib_init_lc_numeric_1
    libinit.o(.ARM.Collect$$libinit$$00000000) refers (Special) to libinit2.o(.ARM.Collect$$libinit$$00000019) for __rt_lib_init_lc_time_1
    libinit.o(.ARM.Collect$$libinit$$00000000) refers (Special) to libinit2.o(.ARM.Collect$$libinit$$00000004) for __rt_lib_init_preinit_1
    libinit.o(.ARM.Collect$$libinit$$00000000) refers (Special) to libinit2.o(.ARM.Collect$$libinit$$0000000E) for __rt_lib_init_rand_1
    libinit.o(.ARM.Collect$$libinit$$00000000) refers (Special) to libinit2.o(.ARM.Collect$$libinit$$00000033) for __rt_lib_init_return
    libinit.o(.ARM.Collect$$libinit$$00000000) refers (Special) to libinit2.o(.ARM.Collect$$libinit$$0000001D) for __rt_lib_init_signal_1
    libinit.o(.ARM.Collect$$libinit$$00000000) refers (Special) to libinit2.o(.ARM.Collect$$libinit$$00000025) for __rt_lib_init_stdio_1
    libinit.o(.ARM.Collect$$libinit$$00000000) refers (Special) to libinit2.o(.ARM.Collect$$libinit$$0000000C) for __rt_lib_init_user_alloc_1
    libspace.o(.text) refers to libspace.o(.bss) for __libspace_start
    rtexit.o(.ARM.Collect$$rtexit$$00000000) refers (Special) to rtexit2.o(.ARM.Collect$$rtexit$$00000004) for __rt_exit_exit
    rtexit.o(.ARM.Collect$$rtexit$$00000000) refers (Special) to rtexit2.o(.ARM.Collect$$rtexit$$00000003) for __rt_exit_ls
    rtexit.o(.ARM.Collect$$rtexit$$00000000) refers (Special) to rtexit2.o(.ARM.Collect$$rtexit$$00000002) for __rt_exit_prels_1
    rtexit.o(.ARM.exidx) refers (Special) to rtexit2.o(.ARM.Collect$$rtexit$$00000004) for __rt_exit_exit
    rtexit.o(.ARM.exidx) refers (Special) to rtexit2.o(.ARM.Collect$$rtexit$$00000003) for __rt_exit_ls
    rtexit.o(.ARM.exidx) refers (Special) to rtexit2.o(.ARM.Collect$$rtexit$$00000002) for __rt_exit_prels_1
    rtexit.o(.ARM.exidx) refers to rtexit.o(.ARM.Collect$$rtexit$$00000000) for .ARM.Collect$$rtexit$$00000000
    rt_raise.o(.text) refers to __raise.o(.text) for __raise
    rt_raise.o(.text) refers to usart1.o(.text) for _sys_exit
    defsig_exit.o(.text) refers to usart1.o(.text) for _sys_exit
    defsig_fpe_inner.o(.text) refers to defsig_general.o(.text) for __default_signal_display
    libinit2.o(.ARM.Collect$$libinit$$00000010) refers to libinit2.o(.ARM.Collect$$libinit$$0000000F) for .ARM.Collect$$libinit$$0000000F
    libinit2.o(.ARM.Collect$$libinit$$00000012) refers to libinit2.o(.ARM.Collect$$libinit$$0000000F) for .ARM.Collect$$libinit$$0000000F
    libinit2.o(.ARM.Collect$$libinit$$00000014) refers to libinit2.o(.ARM.Collect$$libinit$$0000000F) for .ARM.Collect$$libinit$$0000000F
    libinit2.o(.ARM.Collect$$libinit$$00000016) refers to libinit2.o(.ARM.Collect$$libinit$$0000000F) for .ARM.Collect$$libinit$$0000000F
    libinit2.o(.ARM.Collect$$libinit$$00000018) refers to libinit2.o(.ARM.Collect$$libinit$$0000000F) for .ARM.Collect$$libinit$$0000000F
    libinit2.o(.ARM.Collect$$libinit$$00000026) refers to argv_veneer.o(.text) for __ARM_argv_veneer
    libinit2.o(.ARM.Collect$$libinit$$00000027) refers to argv_veneer.o(.text) for __ARM_argv_veneer
    rtexit2.o(.ARM.Collect$$rtexit$$00000003) refers to libshutdown.o(.ARM.Collect$$libshutdown$$00000000) for __rt_lib_shutdown
    rtexit2.o(.ARM.Collect$$rtexit$$00000004) refers to usart1.o(.text) for _sys_exit
    rtexit2.o(.ARM.exidx) refers to rtexit2.o(.ARM.Collect$$rtexit$$00000001) for .ARM.Collect$$rtexit$$00000001
    rtexit2.o(.ARM.exidx) refers to rtexit2.o(.ARM.Collect$$rtexit$$00000003) for .ARM.Collect$$rtexit$$00000003
    rtexit2.o(.ARM.exidx) refers to rtexit2.o(.ARM.Collect$$rtexit$$00000004) for .ARM.Collect$$rtexit$$00000004
    __raise.o(.text) refers to defsig.o(CL$$defsig) for __default_signal_handler
    defsig_general.o(.text) refers to sys_wrch.o(.text) for _ttywrch
    sys_wrch.o(.text) refers (Special) to use_no_semi.o(.text) for __I$use$semihosting
    sys_wrch.o(.text) refers (Special) to indicate_semi.o(.text) for __semihosting_library_function
    defsig.o(CL$$defsig) refers to defsig_fpe_inner.o(.text) for __rt_SIGFPE_inner
    defsig.o(CL$$defsig) refers to defsig_rtmem_inner.o(.text) for __rt_SIGRTMEM_inner
    _get_argv_nomalloc.o(.text) refers (Special) to hrguard.o(.text) for __heap_region$guard
    _get_argv_nomalloc.o(.text) refers to defsig_rtmem_outer.o(.text) for __rt_SIGRTMEM
    _get_argv_nomalloc.o(.text) refers to sys_command.o(.text) for _sys_command_string
    libshutdown.o(.ARM.Collect$$libshutdown$$00000000) refers (Special) to libshutdown2.o(.ARM.Collect$$libshutdown$$00000006) for __rt_lib_shutdown_fp_trap_1
    libshutdown.o(.ARM.Collect$$libshutdown$$00000000) refers (Special) to libshutdown2.o(.ARM.Collect$$libshutdown$$0000000E) for __rt_lib_shutdown_heap_1
    libshutdown.o(.ARM.Collect$$libshutdown$$00000000) refers (Special) to libshutdown2.o(.ARM.Collect$$libshutdown$$0000000F) for __rt_lib_shutdown_return
    libshutdown.o(.ARM.Collect$$libshutdown$$00000000) refers (Special) to libshutdown2.o(.ARM.Collect$$libshutdown$$00000009) for __rt_lib_shutdown_signal_1
    libshutdown.o(.ARM.Collect$$libshutdown$$00000000) refers (Special) to libshutdown2.o(.ARM.Collect$$libshutdown$$00000003) for __rt_lib_shutdown_stdio_1
    libshutdown.o(.ARM.Collect$$libshutdown$$00000000) refers (Special) to libshutdown2.o(.ARM.Collect$$libshutdown$$0000000B) for __rt_lib_shutdown_user_alloc_1
    sys_command.o(.text) refers (Special) to use_no_semi.o(.text) for __I$use$semihosting
    sys_command.o(.text) refers (Special) to indicate_semi.o(.text) for __semihosting_library_function
    defsig_abrt_inner.o(.text) refers to defsig_general.o(.text) for __default_signal_display
    defsig_rtred_inner.o(.text) refers to defsig_general.o(.text) for __default_signal_display
    defsig_rtmem_inner.o(.text) refers to defsig_general.o(.text) for __default_signal_display
    defsig_rtmem_outer.o(.text) refers to defsig_rtmem_inner.o(.text) for __rt_SIGRTMEM_inner
    defsig_rtmem_outer.o(.text) refers to defsig_exit.o(.text) for __sig_exit
    defsig_rtmem_formal.o(.text) refers to rt_raise.o(.text) for __rt_raise
    defsig_stak_inner.o(.text) refers to defsig_general.o(.text) for __default_signal_display
    defsig_pvfn_inner.o(.text) refers to defsig_general.o(.text) for __default_signal_display
    defsig_cppl_inner.o(.text) refers to defsig_general.o(.text) for __default_signal_display
    defsig_segv_inner.o(.text) refers to defsig_general.o(.text) for __default_signal_display
    defsig_other.o(.text) refers to defsig_general.o(.text) for __default_signal_display


==============================================================================

Removing Unused input sections from the image.

    Removing main.o(.rev16_text), (4 bytes).
    Removing main.o(.revsh_text), (4 bytes).
    Removing stm32f0xx_gpio.o(.rev16_text), (4 bytes).
    Removing stm32f0xx_gpio.o(.revsh_text), (4 bytes).
    Removing stm32f0xx_rcc.o(.rev16_text), (4 bytes).
    Removing stm32f0xx_rcc.o(.revsh_text), (4 bytes).
    Removing stm32f0xx_misc.o(.rev16_text), (4 bytes).
    Removing stm32f0xx_misc.o(.revsh_text), (4 bytes).
    Removing stm32f0xx_syscfg.o(.rev16_text), (4 bytes).
    Removing stm32f0xx_syscfg.o(.revsh_text), (4 bytes).
    Removing stm32f0xx_usart.o(.rev16_text), (4 bytes).
    Removing stm32f0xx_usart.o(.revsh_text), (4 bytes).
    Removing stm32f0xx_exti.o(.rev16_text), (4 bytes).
    Removing stm32f0xx_exti.o(.revsh_text), (4 bytes).
    Removing led.o(.rev16_text), (4 bytes).
    Removing led.o(.revsh_text), (4 bytes).
    Removing delay.o(.rev16_text), (4 bytes).
    Removing delay.o(.revsh_text), (4 bytes).
    Removing code_input.o(.rev16_text), (4 bytes).
    Removing code_input.o(.revsh_text), (4 bytes).
    Removing board_gpio.o(.rev16_text), (4 bytes).
    Removing board_gpio.o(.revsh_text), (4 bytes).
    Removing usart1.o(.rev16_text), (4 bytes).
    Removing usart1.o(.revsh_text), (4 bytes).
    Removing system_stm32f0xx.o(.rev16_text), (4 bytes).
    Removing system_stm32f0xx.o(.revsh_text), (4 bytes).

26 unused section(s) (total 104 bytes) removed from the image.

==============================================================================

Image Symbol Table

    Local Symbols

    Symbol Name                              Value     Ov Type        Size  Object(Section)

    ../clib/../cmprslib/zerorunl2.c          0x00000000   Number         0  __dczerorl2.o ABSOLUTE
    ../clib/angel/boardlib.s                 0x00000000   Number         0  boardinit1.o ABSOLUTE
    ../clib/angel/boardlib.s                 0x00000000   Number         0  boardshut.o ABSOLUTE
    ../clib/angel/boardlib.s                 0x00000000   Number         0  boardinit2.o ABSOLUTE
    ../clib/angel/boardlib.s                 0x00000000   Number         0  boardinit3.o ABSOLUTE
    ../clib/angel/handlers.s                 0x00000000   Number         0  __scatter_zi.o ABSOLUTE
    ../clib/angel/kernel.s                   0x00000000   Number         0  __rtentry4.o ABSOLUTE
    ../clib/angel/kernel.s                   0x00000000   Number         0  __rtentry2.o ABSOLUTE
    ../clib/angel/kernel.s                   0x00000000   Number         0  rtexit.o ABSOLUTE
    ../clib/angel/kernel.s                   0x00000000   Number         0  rtexit2.o ABSOLUTE
    ../clib/angel/kernel.s                   0x00000000   Number         0  __rtentry.o ABSOLUTE
    ../clib/angel/rt.s                       0x00000000   Number         0  rt_raise.o ABSOLUTE
    ../clib/angel/rt.s                       0x00000000   Number         0  aeabi_idiv0.o ABSOLUTE
    ../clib/angel/rt.s                       0x00000000   Number         0  aeabi_idiv0_sigfpe.o ABSOLUTE
    ../clib/angel/rt.s                       0x00000000   Number         0  rt_div0.o ABSOLUTE
    ../clib/angel/scatterp.s                 0x00000000   Number         0  __scatter.o ABSOLUTE
    ../clib/angel/startup.s                  0x00000000   Number         0  __main.o ABSOLUTE
    ../clib/angel/sys.s                      0x00000000   Number         0  indicate_semi.o ABSOLUTE
    ../clib/angel/sys.s                      0x00000000   Number         0  sys_stackheap_outer.o ABSOLUTE
    ../clib/angel/sys.s                      0x00000000   Number         0  use_no_semi_2.o ABSOLUTE
    ../clib/angel/sys.s                      0x00000000   Number         0  libspace.o ABSOLUTE
    ../clib/angel/sys.s                      0x00000000   Number         0  use_no_semi.o ABSOLUTE
    ../clib/angel/sys.s                      0x00000000   Number         0  tempstk.o ABSOLUTE
    ../clib/angel/sysapp.c                   0x00000000   Number         0  sys_command.o ABSOLUTE
    ../clib/angel/sysapp.c                   0x00000000   Number         0  sys_wrch.o ABSOLUTE
    ../clib/armsys.c                         0x00000000   Number         0  no_argv.o ABSOLUTE
    ../clib/armsys.c                         0x00000000   Number         0  _get_argv_nomalloc.o ABSOLUTE
    ../clib/armsys.c                         0x00000000   Number         0  argv_veneer.o ABSOLUTE
    ../clib/division.c                       0x00000000   Number         0  rtudiv10.o ABSOLUTE
    ../clib/division.s                       0x00000000   Number         0  aeabi_sdiv.o ABSOLUTE
    ../clib/division.s                       0x00000000   Number         0  aeabi_sdiv_div0.o ABSOLUTE
    ../clib/heapalloc.c                      0x00000000   Number         0  hrguard.o ABSOLUTE
    ../clib/heapaux.c                        0x00000000   Number         0  heapauxi.o ABSOLUTE
    ../clib/libinit.s                        0x00000000   Number         0  libshutdown2.o ABSOLUTE
    ../clib/libinit.s                        0x00000000   Number         0  libshutdown.o ABSOLUTE
    ../clib/libinit.s                        0x00000000   Number         0  libinit.o ABSOLUTE
    ../clib/libinit.s                        0x00000000   Number         0  libinit2.o ABSOLUTE
    ../clib/memcpset.c                       0x00000000   Number         0  rt_memclr.o ABSOLUTE
    ../clib/misc.s                           0x00000000   Number         0  printf_stubs.o ABSOLUTE
    ../clib/printf.c                         0x00000000   Number         0  __printf_flags.o ABSOLUTE
    ../clib/printf.c                         0x00000000   Number         0  __printf_ss.o ABSOLUTE
    ../clib/printf.c                         0x00000000   Number         0  __printf_flags_ss.o ABSOLUTE
    ../clib/printf.c                         0x00000000   Number         0  __printf_wp.o ABSOLUTE
    ../clib/printf.c                         0x00000000   Number         0  __printf.o ABSOLUTE
    ../clib/printf.c                         0x00000000   Number         0  __printf_flags_wp.o ABSOLUTE
    ../clib/printf.c                         0x00000000   Number         0  _printf_char.o ABSOLUTE
    ../clib/printf.c                         0x00000000   Number         0  _printf_intcommon.o ABSOLUTE
    ../clib/printf.c                         0x00000000   Number         0  __printf_ss_wp.o ABSOLUTE
    ../clib/printf.c                         0x00000000   Number         0  _printf_hex_int_ll.o ABSOLUTE
    ../clib/printf.c                         0x00000000   Number         0  __printf_nopercent.o ABSOLUTE
    ../clib/printf.c                         0x00000000   Number         0  __2printf.o ABSOLUTE
    ../clib/printf.c                         0x00000000   Number         0  noretval__2printf.o ABSOLUTE
    ../clib/printf.c                         0x00000000   Number         0  __printf_flags_ss_wp.o ABSOLUTE
    ../clib/printf.c                         0x00000000   Number         0  _printf_char_file.o ABSOLUTE
    ../clib/printf.c                         0x00000000   Number         0  _printf_pad.o ABSOLUTE
    ../clib/printf.c                         0x00000000   Number         0  _printf_str.o ABSOLUTE
    ../clib/printf.c                         0x00000000   Number         0  _printf_dec.o ABSOLUTE
    ../clib/printf.c                         0x00000000   Number         0  _printf_char_common.o ABSOLUTE
    ../clib/printf.c                         0x00000000   Number         0  _printf_hex_ll.o ABSOLUTE
    ../clib/printf.c                         0x00000000   Number         0  _printf_hex_int.o ABSOLUTE
    ../clib/printf.c                         0x00000000   Number         0  _printf_hex_ptr.o ABSOLUTE
    ../clib/printf.c                         0x00000000   Number         0  _printf_hex_int_ptr.o ABSOLUTE
    ../clib/printf.c                         0x00000000   Number         0  _printf_hex_ll_ptr.o ABSOLUTE
    ../clib/printf.c                         0x00000000   Number         0  _printf_hex_int_ll_ptr.o ABSOLUTE
    ../clib/printf_percent.s                 0x00000000   Number         0  _printf_d.o ABSOLUTE
    ../clib/printf_percent.s                 0x00000000   Number         0  _printf_s.o ABSOLUTE
    ../clib/printf_percent.s                 0x00000000   Number         0  _printf_percent_end.o ABSOLUTE
    ../clib/printf_percent.s                 0x00000000   Number         0  _printf_percent.o ABSOLUTE
    ../clib/printf_percent.s                 0x00000000   Number         0  _printf_x.o ABSOLUTE
    ../clib/signal.c                         0x00000000   Number         0  defsig_stak_inner.o ABSOLUTE
    ../clib/signal.c                         0x00000000   Number         0  defsig_segv_inner.o ABSOLUTE
    ../clib/signal.c                         0x00000000   Number         0  defsig_other.o ABSOLUTE
    ../clib/signal.c                         0x00000000   Number         0  defsig_general.o ABSOLUTE
    ../clib/signal.c                         0x00000000   Number         0  defsig_abrt_inner.o ABSOLUTE
    ../clib/signal.c                         0x00000000   Number         0  defsig_rtred_inner.o ABSOLUTE
    ../clib/signal.c                         0x00000000   Number         0  defsig_cppl_inner.o ABSOLUTE
    ../clib/signal.c                         0x00000000   Number         0  defsig_pvfn_inner.o ABSOLUTE
    ../clib/signal.c                         0x00000000   Number         0  defsig_exit.o ABSOLUTE
    ../clib/signal.c                         0x00000000   Number         0  defsig_rtmem_inner.o ABSOLUTE
    ../clib/signal.c                         0x00000000   Number         0  defsig_rtmem_formal.o ABSOLUTE
    ../clib/signal.c                         0x00000000   Number         0  defsig_rtmem_outer.o ABSOLUTE
    ../clib/signal.c                         0x00000000   Number         0  defsig_fpe_outer.o ABSOLUTE
    ../clib/signal.c                         0x00000000   Number         0  defsig_fpe_formal.o ABSOLUTE
    ../clib/signal.c                         0x00000000   Number         0  defsig_fpe_inner.o ABSOLUTE
    ../clib/signal.c                         0x00000000   Number         0  __raise.o ABSOLUTE
    ../clib/signal.s                         0x00000000   Number         0  defsig.o ABSOLUTE
    ../clib/stdio.c                          0x00000000   Number         0  ferror.o ABSOLUTE
    ../clib/stdio.c                          0x00000000   Number         0  ferror_locked.o ABSOLUTE
    ../clib/stdlib.c                         0x00000000   Number         0  exit.o ABSOLUTE
    ../fplib/cfplib/fpinit.c                 0x00000000   Number         0  fpinit.o ABSOLUTE
    ..\My_Lib\LED\led.c                      0x00000000   Number         0  led.o ABSOLUTE
    ..\My_Lib\delay\delay.c                  0x00000000   Number         0  delay.o ABSOLUTE
    ..\My_Lib\gpio\board_gpio.c              0x00000000   Number         0  board_gpio.o ABSOLUTE
    ..\My_Lib\uart\USART1.c                  0x00000000   Number         0  usart1.o ABSOLUTE
    ..\ST_Lib\src\stm32f0xx_exti.c           0x00000000   Number         0  stm32f0xx_exti.o ABSOLUTE
    ..\ST_Lib\src\stm32f0xx_gpio.c           0x00000000   Number         0  stm32f0xx_gpio.o ABSOLUTE
    ..\ST_Lib\src\stm32f0xx_misc.c           0x00000000   Number         0  stm32f0xx_misc.o ABSOLUTE
    ..\ST_Lib\src\stm32f0xx_rcc.c            0x00000000   Number         0  stm32f0xx_rcc.o ABSOLUTE
    ..\ST_Lib\src\stm32f0xx_syscfg.c         0x00000000   Number         0  stm32f0xx_syscfg.o ABSOLUTE
    ..\ST_Lib\src\stm32f0xx_usart.c          0x00000000   Number         0  stm32f0xx_usart.o ABSOLUTE
    ..\System\CMSIS\system_stm32f0xx.c       0x00000000   Number         0  system_stm32f0xx.o ABSOLUTE
    ..\System\startup\startup_stm32f0xx_ld.s 0x00000000   Number         0  startup_stm32f0xx_ld.o ABSOLUTE
    ..\User\code_input.c                     0x00000000   Number         0  code_input.o ABSOLUTE
    ..\User\main.c                           0x00000000   Number         0  main.o ABSOLUTE
    ..\\My_Lib\\LED\\led.c                   0x00000000   Number         0  led.o ABSOLUTE
    ..\\My_Lib\\delay\\delay.c               0x00000000   Number         0  delay.o ABSOLUTE
    ..\\My_Lib\\gpio\\board_gpio.c           0x00000000   Number         0  board_gpio.o ABSOLUTE
    ..\\My_Lib\\uart\\USART1.c               0x00000000   Number         0  usart1.o ABSOLUTE
    ..\\ST_Lib\\src\\stm32f0xx_exti.c        0x00000000   Number         0  stm32f0xx_exti.o ABSOLUTE
    ..\\ST_Lib\\src\\stm32f0xx_gpio.c        0x00000000   Number         0  stm32f0xx_gpio.o ABSOLUTE
    ..\\ST_Lib\\src\\stm32f0xx_misc.c        0x00000000   Number         0  stm32f0xx_misc.o ABSOLUTE
    ..\\ST_Lib\\src\\stm32f0xx_rcc.c         0x00000000   Number         0  stm32f0xx_rcc.o ABSOLUTE
    ..\\ST_Lib\\src\\stm32f0xx_syscfg.c      0x00000000   Number         0  stm32f0xx_syscfg.o ABSOLUTE
    ..\\ST_Lib\\src\\stm32f0xx_usart.c       0x00000000   Number         0  stm32f0xx_usart.o ABSOLUTE
    ..\\System\\CMSIS\\system_stm32f0xx.c    0x00000000   Number         0  system_stm32f0xx.o ABSOLUTE
    ..\\User\\code_input.c                   0x00000000   Number         0  code_input.o ABSOLUTE
    ..\\User\\main.c                         0x00000000   Number         0  main.o ABSOLUTE
    dc.s                                     0x00000000   Number         0  dc.o ABSOLUTE
    RESET                                    0x08000000   Section      176  startup_stm32f0xx_ld.o(RESET)
    !!!main                                  0x080000b0   Section        8  __main.o(!!!main)
    !!!scatter                               0x080000b8   Section       60  __scatter.o(!!!scatter)
    !!handler_zi                             0x080000f4   Section       28  __scatter_zi.o(!!handler_zi)
    .ARM.Collect$$_printf_percent$$00000000  0x08000110   Section        2  _printf_percent.o(.ARM.Collect$$_printf_percent$$00000000)
    .ARM.Collect$$_printf_percent$$00000009  0x08000112   Section       10  _printf_d.o(.ARM.Collect$$_printf_percent$$00000009)
    .ARM.Collect$$_printf_percent$$0000000C  0x0800011c   Section       10  _printf_x.o(.ARM.Collect$$_printf_percent$$0000000C)
    .ARM.Collect$$_printf_percent$$00000014  0x08000126   Section       10  _printf_s.o(.ARM.Collect$$_printf_percent$$00000014)
    .ARM.Collect$$_printf_percent$$00000017  0x08000130   Section        4  _printf_percent_end.o(.ARM.Collect$$_printf_percent$$00000017)
    .ARM.Collect$$libinit$$00000000          0x08000134   Section        2  libinit.o(.ARM.Collect$$libinit$$00000000)
    .ARM.Collect$$libinit$$00000002          0x08000136   Section        0  libinit2.o(.ARM.Collect$$libinit$$00000002)
    .ARM.Collect$$libinit$$00000004          0x08000136   Section        0  libinit2.o(.ARM.Collect$$libinit$$00000004)
    .ARM.Collect$$libinit$$0000000A          0x08000136   Section        0  libinit2.o(.ARM.Collect$$libinit$$0000000A)
    .ARM.Collect$$libinit$$0000000C          0x08000136   Section        0  libinit2.o(.ARM.Collect$$libinit$$0000000C)
    .ARM.Collect$$libinit$$0000000E          0x08000136   Section        0  libinit2.o(.ARM.Collect$$libinit$$0000000E)
    .ARM.Collect$$libinit$$00000011          0x08000136   Section        0  libinit2.o(.ARM.Collect$$libinit$$00000011)
    .ARM.Collect$$libinit$$00000013          0x08000136   Section        0  libinit2.o(.ARM.Collect$$libinit$$00000013)
    .ARM.Collect$$libinit$$00000015          0x08000136   Section        0  libinit2.o(.ARM.Collect$$libinit$$00000015)
    .ARM.Collect$$libinit$$00000017          0x08000136   Section        0  libinit2.o(.ARM.Collect$$libinit$$00000017)
    .ARM.Collect$$libinit$$00000019          0x08000136   Section        0  libinit2.o(.ARM.Collect$$libinit$$00000019)
    .ARM.Collect$$libinit$$0000001B          0x08000136   Section        0  libinit2.o(.ARM.Collect$$libinit$$0000001B)
    .ARM.Collect$$libinit$$0000001D          0x08000136   Section        0  libinit2.o(.ARM.Collect$$libinit$$0000001D)
    .ARM.Collect$$libinit$$0000001F          0x08000136   Section        0  libinit2.o(.ARM.Collect$$libinit$$0000001F)
    .ARM.Collect$$libinit$$00000021          0x08000136   Section        0  libinit2.o(.ARM.Collect$$libinit$$00000021)
    .ARM.Collect$$libinit$$00000023          0x08000136   Section        0  libinit2.o(.ARM.Collect$$libinit$$00000023)
    .ARM.Collect$$libinit$$00000025          0x08000136   Section        0  libinit2.o(.ARM.Collect$$libinit$$00000025)
    .ARM.Collect$$libinit$$0000002C          0x08000136   Section        0  libinit2.o(.ARM.Collect$$libinit$$0000002C)
    .ARM.Collect$$libinit$$0000002E          0x08000136   Section        0  libinit2.o(.ARM.Collect$$libinit$$0000002E)
    .ARM.Collect$$libinit$$00000030          0x08000136   Section        0  libinit2.o(.ARM.Collect$$libinit$$00000030)
    .ARM.Collect$$libinit$$00000032          0x08000136   Section        0  libinit2.o(.ARM.Collect$$libinit$$00000032)
    .ARM.Collect$$libinit$$00000033          0x08000136   Section        2  libinit2.o(.ARM.Collect$$libinit$$00000033)
    .ARM.Collect$$libshutdown$$00000000      0x08000138   Section        2  libshutdown.o(.ARM.Collect$$libshutdown$$00000000)
    .ARM.Collect$$libshutdown$$00000003      0x0800013a   Section        0  libshutdown2.o(.ARM.Collect$$libshutdown$$00000003)
    .ARM.Collect$$libshutdown$$00000006      0x0800013a   Section        0  libshutdown2.o(.ARM.Collect$$libshutdown$$00000006)
    .ARM.Collect$$libshutdown$$00000009      0x0800013a   Section        0  libshutdown2.o(.ARM.Collect$$libshutdown$$00000009)
    .ARM.Collect$$libshutdown$$0000000B      0x0800013a   Section        0  libshutdown2.o(.ARM.Collect$$libshutdown$$0000000B)
    .ARM.Collect$$libshutdown$$0000000E      0x0800013a   Section        0  libshutdown2.o(.ARM.Collect$$libshutdown$$0000000E)
    .ARM.Collect$$libshutdown$$0000000F      0x0800013a   Section        2  libshutdown2.o(.ARM.Collect$$libshutdown$$0000000F)
    .ARM.Collect$$rtentry$$00000000          0x0800013c   Section        0  __rtentry.o(.ARM.Collect$$rtentry$$00000000)
    .ARM.Collect$$rtentry$$00000002          0x0800013c   Section        0  __rtentry2.o(.ARM.Collect$$rtentry$$00000002)
    .ARM.Collect$$rtentry$$00000004          0x0800013c   Section        6  __rtentry4.o(.ARM.Collect$$rtentry$$00000004)
    .ARM.Collect$$rtentry$$00000009          0x08000142   Section        0  __rtentry2.o(.ARM.Collect$$rtentry$$00000009)
    .ARM.Collect$$rtentry$$0000000A          0x08000142   Section        4  __rtentry2.o(.ARM.Collect$$rtentry$$0000000A)
    .ARM.Collect$$rtentry$$0000000C          0x08000146   Section        0  __rtentry2.o(.ARM.Collect$$rtentry$$0000000C)
    .ARM.Collect$$rtentry$$0000000D          0x08000146   Section        8  __rtentry2.o(.ARM.Collect$$rtentry$$0000000D)
    .ARM.Collect$$rtexit$$00000000           0x0800014e   Section        2  rtexit.o(.ARM.Collect$$rtexit$$00000000)
    .ARM.Collect$$rtexit$$00000002           0x08000150   Section        0  rtexit2.o(.ARM.Collect$$rtexit$$00000002)
    .ARM.Collect$$rtexit$$00000003           0x08000150   Section        4  rtexit2.o(.ARM.Collect$$rtexit$$00000003)
    .ARM.Collect$$rtexit$$00000004           0x08000154   Section        6  rtexit2.o(.ARM.Collect$$rtexit$$00000004)
    .text                                    0x0800015c   Section        0  main.o(.text)
    get_rever_code_input                     0x0800015d   Thumb Code    44  main.o(.text)
    printf_bit                               0x08000189   Thumb Code    72  main.o(.text)
    grayToBin                                0x080001d1   Thumb Code    22  main.o(.text)
    binToGray                                0x080001e7   Thumb Code     8  main.o(.text)
    gray_to_binary                           0x08000265   Thumb Code   164  main.o(.text)
    .text                                    0x08000340   Section        0  stm32f0xx_gpio.o(.text)
    .text                                    0x08000530   Section        0  stm32f0xx_rcc.o(.text)
    .text                                    0x08000b28   Section        0  stm32f0xx_misc.o(.text)
    .text                                    0x08000bdc   Section        0  stm32f0xx_syscfg.o(.text)
    .text                                    0x08000ccc   Section        0  stm32f0xx_usart.o(.text)
    .text                                    0x08001240   Section        0  stm32f0xx_exti.o(.text)
    .text                                    0x08001348   Section        0  led.o(.text)
    .text                                    0x0800138c   Section        0  delay.o(.text)
    .text                                    0x08001438   Section        0  code_input.o(.text)
    .text                                    0x08001498   Section        0  board_gpio.o(.text)
    set_gpio_port_clk                        0x08001499   Thumb Code    16  board_gpio.o(.text)
    get_gpio_port_nm                         0x080014a9   Thumb Code    72  board_gpio.o(.text)
    bit2nm                                   0x080014f1   Thumb Code    32  board_gpio.o(.text)
    nm2bit                                   0x08001511   Thumb Code     8  board_gpio.o(.text)
    .text                                    0x080016d0   Section        0  usart1.o(.text)
    .text                                    0x080017b4   Section       56  startup_stm32f0xx_ld.o(.text)
    .text                                    0x080017ec   Section        0  system_stm32f0xx.o(.text)
    SetSysClock                              0x080017ed   Thumb Code   224  system_stm32f0xx.o(.text)
    .text                                    0x080019f4   Section        2  use_no_semi_2.o(.text)
    .text                                    0x080019f8   Section        0  noretval__2printf.o(.text)
    .text                                    0x08001a14   Section        0  _printf_pad.o(.text)
    .text                                    0x08001a62   Section        0  _printf_str.o(.text)
    .text                                    0x08001ab4   Section        0  _printf_dec.o(.text)
    .text                                    0x08001b20   Section        0  _printf_hex_int.o(.text)
    .text                                    0x08001b78   Section        0  __printf_flags_wp.o(.text)
    .text                                    0x08001cb0   Section        0  rt_memclr.o(.text)
    .text                                    0x08001cf0   Section      346  aeabi_sdiv.o(.text)
    .text                                    0x08001e4a   Section        0  heapauxi.o(.text)
    .text                                    0x08001e50   Section        2  use_no_semi.o(.text)
    .text                                    0x08001e52   Section        0  _printf_intcommon.o(.text)
    .text                                    0x08001f02   Section        0  _printf_char.o(.text)
    .text                                    0x08001f30   Section        0  _printf_char_file.o(.text)
    .text                                    0x08001f58   Section        0  rtudiv10.o(.text)
    .text                                    0x08001f80   Section        0  _printf_char_common.o(.text)
    _printf_input_char                       0x08001f81   Thumb Code    10  _printf_char_common.o(.text)
    .text                                    0x08001fb0   Section        0  ferror.o(.text)
    .text                                    0x08001fb8   Section       62  sys_stackheap_outer.o(.text)
    .text                                    0x08001ff6   Section        0  exit.o(.text)
    .text                                    0x08002004   Section        8  libspace.o(.text)
    .text                                    0x0800200c   Section        0  __dczerorl2.o(.text)
    i._is_digit                              0x08002062   Section        0  __printf_wp.o(i._is_digit)
    .constdata                               0x08002070   Section       40  _printf_hex_int.o(.constdata)
    uc_hextab                                0x08002070   Data          20  _printf_hex_int.o(.constdata)
    lc_hextab                                0x08002084   Data          20  _printf_hex_int.o(.constdata)
    .constdata                               0x08002098   Section       17  __printf_flags_wp.o(.constdata)
    maptable                                 0x08002098   Data          17  __printf_flags_wp.o(.constdata)
    .data                                    0x20000000   Section       64  main.o(.data)
    gray2index                               0x20000000   Data          64  main.o(.data)
    .data                                    0x20000040   Section       16  stm32f0xx_rcc.o(.data)
    APBAHBPrescTable                         0x20000040   Data          16  stm32f0xx_rcc.o(.data)
    .data                                    0x20000050   Section        3  delay.o(.data)
    .data                                    0x20000054   Section      208  code_input.o(.data)
    .data                                    0x20000124   Section        4  board_gpio.o(.data)
    .data                                    0x20000128   Section       40  usart1.o(.data)
    rec_cnt                                  0x2000014f   Data           1  usart1.o(.data)
    .data                                    0x20000150   Section       20  system_stm32f0xx.o(.data)
    .bss                                     0x20000164   Section       12  board_gpio.o(.bss)
    pgpio_exti                               0x20000164   Data          12  board_gpio.o(.bss)
    .bss                                     0x20000170   Section       32  usart1.o(.bss)
    rec_buff                                 0x20000170   Data          32  usart1.o(.bss)
    .bss                                     0x20000190   Section       96  libspace.o(.bss)
    HEAP                                     0x200001f0   Section      512  startup_stm32f0xx_ld.o(HEAP)
    Heap_Mem                                 0x200001f0   Data         512  startup_stm32f0xx_ld.o(HEAP)
    STACK                                    0x200003f0   Section     1024  startup_stm32f0xx_ld.o(STACK)
    Stack_Mem                                0x200003f0   Data        1024  startup_stm32f0xx_ld.o(STACK)
    __initial_sp                             0x200007f0   Data           0  startup_stm32f0xx_ld.o(STACK)

    Global Symbols

    Symbol Name                              Value     Ov Type        Size  Object(Section)

    BuildAttributes$$THM_ISAv3M$S$PE$A:L22$X:L11$S22$IEEE1$IW$USESV6$~STKCKD$USESV7$~SHL$OSPACE$ROPI$EBA8$UX$STANDARDLIB$REQ8$PRES8$EABIv2 0x00000000   Number         0  anon$$obj.o ABSOLUTE
    __ARM_use_no_argv                        0x00000000   Number         0  main.o ABSOLUTE
    _printf_flags                            0x00000000   Number         0  printf_stubs.o ABSOLUTE
    _printf_return_value                     0x00000000   Number         0  printf_stubs.o ABSOLUTE
    _printf_sizespec                         0x00000000   Number         0  printf_stubs.o ABSOLUTE
    _printf_widthprec                        0x00000000   Number         0  printf_stubs.o ABSOLUTE
    __ARM_exceptions_init                     - Undefined Weak Reference
    __alloca_initialize                       - Undefined Weak Reference
    __arm_preinit_                            - Undefined Weak Reference
    __cpp_initialize__aeabi_                  - Undefined Weak Reference
    __cxa_finalize                            - Undefined Weak Reference
    __rt_locale                               - Undefined Weak Reference
    __sigvec_lookup                           - Undefined Weak Reference
    _atexit_init                              - Undefined Weak Reference
    _call_atexit_fns                          - Undefined Weak Reference
    _clock_init                               - Undefined Weak Reference
    _fp_trap_init                             - Undefined Weak Reference
    _fp_trap_shutdown                         - Undefined Weak Reference
    _get_lc_collate                           - Undefined Weak Reference
    _get_lc_ctype                             - Undefined Weak Reference
    _get_lc_monetary                          - Undefined Weak Reference
    _get_lc_numeric                           - Undefined Weak Reference
    _get_lc_time                              - Undefined Weak Reference
    _getenv_init                              - Undefined Weak Reference
    _handle_redirection                       - Undefined Weak Reference
    _init_alloc                               - Undefined Weak Reference
    _init_user_alloc                          - Undefined Weak Reference
    _initio                                   - Undefined Weak Reference
    _mutex_acquire                            - Undefined Weak Reference
    _mutex_release                            - Undefined Weak Reference
    _printf_mbtowc                            - Undefined Weak Reference
    _printf_truncate_signed                   - Undefined Weak Reference
    _printf_truncate_unsigned                 - Undefined Weak Reference
    _rand_init                                - Undefined Weak Reference
    _signal_finish                            - Undefined Weak Reference
    _signal_init                              - Undefined Weak Reference
    _terminate_alloc                          - Undefined Weak Reference
    _terminate_user_alloc                     - Undefined Weak Reference
    _terminateio                              - Undefined Weak Reference
    __Vectors_Size                           0x000000b0   Number         0  startup_stm32f0xx_ld.o ABSOLUTE
    __Vectors                                0x08000000   Data           4  startup_stm32f0xx_ld.o(RESET)
    __Vectors_End                            0x080000b0   Data           0  startup_stm32f0xx_ld.o(RESET)
    __main                                   0x080000b1   Thumb Code     8  __main.o(!!!main)
    __scatterload                            0x080000b9   Thumb Code     0  __scatter.o(!!!scatter)
    __scatterload_rt2                        0x080000b9   Thumb Code    52  __scatter.o(!!!scatter)
    __scatterload_rt2_thumb_only             0x080000b9   Thumb Code     0  __scatter.o(!!!scatter)
    __scatterload_null                       0x080000c9   Thumb Code     0  __scatter.o(!!!scatter)
    __scatterload_zeroinit                   0x080000f5   Thumb Code    28  __scatter_zi.o(!!handler_zi)
    _printf_percent                          0x08000111   Thumb Code     0  _printf_percent.o(.ARM.Collect$$_printf_percent$$00000000)
    _printf_d                                0x08000113   Thumb Code     0  _printf_d.o(.ARM.Collect$$_printf_percent$$00000009)
    _printf_x                                0x0800011d   Thumb Code     0  _printf_x.o(.ARM.Collect$$_printf_percent$$0000000C)
    _printf_s                                0x08000127   Thumb Code     0  _printf_s.o(.ARM.Collect$$_printf_percent$$00000014)
    _printf_percent_end                      0x08000131   Thumb Code     0  _printf_percent_end.o(.ARM.Collect$$_printf_percent$$00000017)
    __rt_lib_init                            0x08000135   Thumb Code     0  libinit.o(.ARM.Collect$$libinit$$00000000)
    __rt_lib_init_alloca_1                   0x08000137   Thumb Code     0  libinit2.o(.ARM.Collect$$libinit$$0000002E)
    __rt_lib_init_argv_1                     0x08000137   Thumb Code     0  libinit2.o(.ARM.Collect$$libinit$$0000002C)
    __rt_lib_init_atexit_1                   0x08000137   Thumb Code     0  libinit2.o(.ARM.Collect$$libinit$$0000001B)
    __rt_lib_init_clock_1                    0x08000137   Thumb Code     0  libinit2.o(.ARM.Collect$$libinit$$00000021)
    __rt_lib_init_cpp_1                      0x08000137   Thumb Code     0  libinit2.o(.ARM.Collect$$libinit$$00000032)
    __rt_lib_init_exceptions_1               0x08000137   Thumb Code     0  libinit2.o(.ARM.Collect$$libinit$$00000030)
    __rt_lib_init_fp_1                       0x08000137   Thumb Code     0  libinit2.o(.ARM.Collect$$libinit$$00000002)
    __rt_lib_init_fp_trap_1                  0x08000137   Thumb Code     0  libinit2.o(.ARM.Collect$$libinit$$0000001F)
    __rt_lib_init_getenv_1                   0x08000137   Thumb Code     0  libinit2.o(.ARM.Collect$$libinit$$00000023)
    __rt_lib_init_heap_1                     0x08000137   Thumb Code     0  libinit2.o(.ARM.Collect$$libinit$$0000000A)
    __rt_lib_init_lc_collate_1               0x08000137   Thumb Code     0  libinit2.o(.ARM.Collect$$libinit$$00000011)
    __rt_lib_init_lc_ctype_1                 0x08000137   Thumb Code     0  libinit2.o(.ARM.Collect$$libinit$$00000013)
    __rt_lib_init_lc_monetary_1              0x08000137   Thumb Code     0  libinit2.o(.ARM.Collect$$libinit$$00000015)
    __rt_lib_init_lc_numeric_1               0x08000137   Thumb Code     0  libinit2.o(.ARM.Collect$$libinit$$00000017)
    __rt_lib_init_lc_time_1                  0x08000137   Thumb Code     0  libinit2.o(.ARM.Collect$$libinit$$00000019)
    __rt_lib_init_preinit_1                  0x08000137   Thumb Code     0  libinit2.o(.ARM.Collect$$libinit$$00000004)
    __rt_lib_init_rand_1                     0x08000137   Thumb Code     0  libinit2.o(.ARM.Collect$$libinit$$0000000E)
    __rt_lib_init_return                     0x08000137   Thumb Code     0  libinit2.o(.ARM.Collect$$libinit$$00000033)
    __rt_lib_init_signal_1                   0x08000137   Thumb Code     0  libinit2.o(.ARM.Collect$$libinit$$0000001D)
    __rt_lib_init_stdio_1                    0x08000137   Thumb Code     0  libinit2.o(.ARM.Collect$$libinit$$00000025)
    __rt_lib_init_user_alloc_1               0x08000137   Thumb Code     0  libinit2.o(.ARM.Collect$$libinit$$0000000C)
    __rt_lib_shutdown                        0x08000139   Thumb Code     0  libshutdown.o(.ARM.Collect$$libshutdown$$00000000)
    __rt_lib_shutdown_fp_trap_1              0x0800013b   Thumb Code     0  libshutdown2.o(.ARM.Collect$$libshutdown$$00000006)
    __rt_lib_shutdown_heap_1                 0x0800013b   Thumb Code     0  libshutdown2.o(.ARM.Collect$$libshutdown$$0000000E)
    __rt_lib_shutdown_return                 0x0800013b   Thumb Code     0  libshutdown2.o(.ARM.Collect$$libshutdown$$0000000F)
    __rt_lib_shutdown_signal_1               0x0800013b   Thumb Code     0  libshutdown2.o(.ARM.Collect$$libshutdown$$00000009)
    __rt_lib_shutdown_stdio_1                0x0800013b   Thumb Code     0  libshutdown2.o(.ARM.Collect$$libshutdown$$00000003)
    __rt_lib_shutdown_user_alloc_1           0x0800013b   Thumb Code     0  libshutdown2.o(.ARM.Collect$$libshutdown$$0000000B)
    __rt_entry                               0x0800013d   Thumb Code     0  __rtentry.o(.ARM.Collect$$rtentry$$00000000)
    __rt_entry_presh_1                       0x0800013d   Thumb Code     0  __rtentry2.o(.ARM.Collect$$rtentry$$00000002)
    __rt_entry_sh                            0x0800013d   Thumb Code     0  __rtentry4.o(.ARM.Collect$$rtentry$$00000004)
    __rt_entry_li                            0x08000143   Thumb Code     0  __rtentry2.o(.ARM.Collect$$rtentry$$0000000A)
    __rt_entry_postsh_1                      0x08000143   Thumb Code     0  __rtentry2.o(.ARM.Collect$$rtentry$$00000009)
    __rt_entry_main                          0x08000147   Thumb Code     0  __rtentry2.o(.ARM.Collect$$rtentry$$0000000D)
    __rt_entry_postli_1                      0x08000147   Thumb Code     0  __rtentry2.o(.ARM.Collect$$rtentry$$0000000C)
    __rt_exit                                0x0800014f   Thumb Code     0  rtexit.o(.ARM.Collect$$rtexit$$00000000)
    __rt_exit_ls                             0x08000151   Thumb Code     0  rtexit2.o(.ARM.Collect$$rtexit$$00000003)
    __rt_exit_prels_1                        0x08000151   Thumb Code     0  rtexit2.o(.ARM.Collect$$rtexit$$00000002)
    __rt_exit_exit                           0x08000155   Thumb Code     0  rtexit2.o(.ARM.Collect$$rtexit$$00000004)
    ALL_Config                               0x080001ef   Thumb Code    22  main.o(.text)
    main                                     0x08000205   Thumb Code    96  main.o(.text)
    GPIO_DeInit                              0x08000341   Thumb Code   132  stm32f0xx_gpio.o(.text)
    GPIO_Init                                0x080003c5   Thumb Code   144  stm32f0xx_gpio.o(.text)
    GPIO_StructInit                          0x08000455   Thumb Code    20  stm32f0xx_gpio.o(.text)
    GPIO_PinLockConfig                       0x08000469   Thumb Code    34  stm32f0xx_gpio.o(.text)
    GPIO_ReadInputDataBit                    0x0800048b   Thumb Code    20  stm32f0xx_gpio.o(.text)
    GPIO_ReadInputData                       0x0800049f   Thumb Code     6  stm32f0xx_gpio.o(.text)
    GPIO_ReadOutputDataBit                   0x080004a5   Thumb Code    20  stm32f0xx_gpio.o(.text)
    GPIO_ReadOutputData                      0x080004b9   Thumb Code     6  stm32f0xx_gpio.o(.text)
    GPIO_SetBits                             0x080004bf   Thumb Code     4  stm32f0xx_gpio.o(.text)
    GPIO_ResetBits                           0x080004c3   Thumb Code     4  stm32f0xx_gpio.o(.text)
    GPIO_WriteBit                            0x080004c7   Thumb Code    12  stm32f0xx_gpio.o(.text)
    GPIO_Write                               0x080004d3   Thumb Code     4  stm32f0xx_gpio.o(.text)
    GPIO_PinAFConfig                         0x080004d7   Thumb Code    68  stm32f0xx_gpio.o(.text)
    RCC_DeInit                               0x08000531   Thumb Code   104  stm32f0xx_rcc.o(.text)
    RCC_HSEConfig                            0x08000599   Thumb Code    12  stm32f0xx_rcc.o(.text)
    RCC_GetFlagStatus                        0x080005a5   Thumb Code    68  stm32f0xx_rcc.o(.text)
    RCC_WaitForHSEStartUp                    0x080005e9   Thumb Code    60  stm32f0xx_rcc.o(.text)
    RCC_AdjustHSICalibrationValue            0x08000625   Thumb Code    26  stm32f0xx_rcc.o(.text)
    RCC_HSICmd                               0x0800063f   Thumb Code    32  stm32f0xx_rcc.o(.text)
    RCC_AdjustHSI14CalibrationValue          0x0800065f   Thumb Code    26  stm32f0xx_rcc.o(.text)
    RCC_HSI14Cmd                             0x08000679   Thumb Code    32  stm32f0xx_rcc.o(.text)
    RCC_HSI14ADCRequestCmd                   0x08000699   Thumb Code    32  stm32f0xx_rcc.o(.text)
    RCC_LSEConfig                            0x080006b9   Thumb Code    34  stm32f0xx_rcc.o(.text)
    RCC_LSEDriveConfig                       0x080006db   Thumb Code    22  stm32f0xx_rcc.o(.text)
    RCC_LSICmd                               0x080006f1   Thumb Code    32  stm32f0xx_rcc.o(.text)
    RCC_PLLConfig                            0x08000711   Thumb Code    30  stm32f0xx_rcc.o(.text)
    RCC_PLLCmd                               0x0800072f   Thumb Code    36  stm32f0xx_rcc.o(.text)
    RCC_PREDIV1Config                        0x08000753   Thumb Code    24  stm32f0xx_rcc.o(.text)
    RCC_ClockSecuritySystemCmd               0x0800076b   Thumb Code    36  stm32f0xx_rcc.o(.text)
    RCC_MCOConfig                            0x0800078f   Thumb Code     6  stm32f0xx_rcc.o(.text)
    RCC_SYSCLKConfig                         0x08000795   Thumb Code    24  stm32f0xx_rcc.o(.text)
    RCC_GetSYSCLKSource                      0x080007ad   Thumb Code    10  stm32f0xx_rcc.o(.text)
    RCC_HCLKConfig                           0x080007b7   Thumb Code    28  stm32f0xx_rcc.o(.text)
    RCC_PCLKConfig                           0x080007d3   Thumb Code    30  stm32f0xx_rcc.o(.text)
    RCC_ADCCLKConfig                         0x080007f1   Thumb Code    52  stm32f0xx_rcc.o(.text)
    RCC_CECCLKConfig                         0x08000825   Thumb Code    22  stm32f0xx_rcc.o(.text)
    RCC_I2CCLKConfig                         0x0800083b   Thumb Code    22  stm32f0xx_rcc.o(.text)
    RCC_USARTCLKConfig                       0x08000851   Thumb Code    22  stm32f0xx_rcc.o(.text)
    RCC_GetClocksFreq                        0x08000867   Thumb Code   368  stm32f0xx_rcc.o(.text)
    RCC_RTCCLKConfig                         0x080009d7   Thumb Code    12  stm32f0xx_rcc.o(.text)
    RCC_RTCCLKCmd                            0x080009e3   Thumb Code    36  stm32f0xx_rcc.o(.text)
    RCC_BackupResetCmd                       0x08000a07   Thumb Code    36  stm32f0xx_rcc.o(.text)
    RCC_AHBPeriphClockCmd                    0x08000a2b   Thumb Code    28  stm32f0xx_rcc.o(.text)
    RCC_APB2PeriphClockCmd                   0x08000a47   Thumb Code    28  stm32f0xx_rcc.o(.text)
    RCC_APB1PeriphClockCmd                   0x08000a63   Thumb Code    28  stm32f0xx_rcc.o(.text)
    RCC_AHBPeriphResetCmd                    0x08000a7f   Thumb Code    28  stm32f0xx_rcc.o(.text)
    RCC_APB2PeriphResetCmd                   0x08000a9b   Thumb Code    28  stm32f0xx_rcc.o(.text)
    RCC_APB1PeriphResetCmd                   0x08000ab7   Thumb Code    28  stm32f0xx_rcc.o(.text)
    RCC_ITConfig                             0x08000ad3   Thumb Code    28  stm32f0xx_rcc.o(.text)
    RCC_ClearFlag                            0x08000aef   Thumb Code    16  stm32f0xx_rcc.o(.text)
    RCC_GetITStatus                          0x08000aff   Thumb Code    22  stm32f0xx_rcc.o(.text)
    RCC_ClearITPendingBit                    0x08000b15   Thumb Code     6  stm32f0xx_rcc.o(.text)
    NVIC_Init                                0x08000b29   Thumb Code   106  stm32f0xx_misc.o(.text)
    NVIC_SystemLPConfig                      0x08000b93   Thumb Code    28  stm32f0xx_misc.o(.text)
    SysTick_CLKSourceConfig                  0x08000baf   Thumb Code    32  stm32f0xx_misc.o(.text)
    SYSCFG_DeInit                            0x08000bdd   Thumb Code    40  stm32f0xx_syscfg.o(.text)
    SYSCFG_MemoryRemapConfig                 0x08000c05   Thumb Code    24  stm32f0xx_syscfg.o(.text)
    SYSCFG_DMAChannelRemapConfig             0x08000c1d   Thumb Code    28  stm32f0xx_syscfg.o(.text)
    SYSCFG_I2CFastModePlusConfig             0x08000c39   Thumb Code    28  stm32f0xx_syscfg.o(.text)
    SYSCFG_EXTILineConfig                    0x08000c55   Thumb Code    66  stm32f0xx_syscfg.o(.text)
    SYSCFG_BreakConfig                       0x08000c97   Thumb Code    12  stm32f0xx_syscfg.o(.text)
    SYSCFG_GetFlagStatus                     0x08000ca3   Thumb Code    26  stm32f0xx_syscfg.o(.text)
    SYSCFG_ClearFlag                         0x08000cbd   Thumb Code    12  stm32f0xx_syscfg.o(.text)
    USART_DeInit                             0x08000ccd   Thumb Code    56  stm32f0xx_usart.o(.text)
    USART_Init                               0x08000d05   Thumb Code   234  stm32f0xx_usart.o(.text)
    USART_StructInit                         0x08000def   Thumb Code    24  stm32f0xx_usart.o(.text)
    USART_ClockInit                          0x08000e07   Thumb Code    36  stm32f0xx_usart.o(.text)
    USART_ClockStructInit                    0x08000e2b   Thumb Code    12  stm32f0xx_usart.o(.text)
    USART_Cmd                                0x08000e37   Thumb Code    24  stm32f0xx_usart.o(.text)
    USART_DirectionModeCmd                   0x08000e4f   Thumb Code    20  stm32f0xx_usart.o(.text)
    USART_OverSampling8Cmd                   0x08000e63   Thumb Code    28  stm32f0xx_usart.o(.text)
    USART_OneBitMethodCmd                    0x08000e7f   Thumb Code    28  stm32f0xx_usart.o(.text)
    USART_MSBFirstCmd                        0x08000e9b   Thumb Code    28  stm32f0xx_usart.o(.text)
    USART_DataInvCmd                         0x08000eb7   Thumb Code    28  stm32f0xx_usart.o(.text)
    USART_InvPinCmd                          0x08000ed3   Thumb Code    20  stm32f0xx_usart.o(.text)
    USART_SWAPPinCmd                         0x08000ee7   Thumb Code    28  stm32f0xx_usart.o(.text)
    USART_ReceiverTimeOutCmd                 0x08000f03   Thumb Code    28  stm32f0xx_usart.o(.text)
    USART_SetReceiverTimeOut                 0x08000f1f   Thumb Code    16  stm32f0xx_usart.o(.text)
    USART_SetPrescaler                       0x08000f2f   Thumb Code    18  stm32f0xx_usart.o(.text)
    USART_STOPModeCmd                        0x08000f41   Thumb Code    24  stm32f0xx_usart.o(.text)
    USART_StopModeWakeUpSourceConfig         0x08000f59   Thumb Code    18  stm32f0xx_usart.o(.text)
    USART_AutoBaudRateCmd                    0x08000f6b   Thumb Code    28  stm32f0xx_usart.o(.text)
    USART_AutoBaudRateConfig                 0x08000f87   Thumb Code    18  stm32f0xx_usart.o(.text)
    USART_AutoBaudRateNewRequest             0x08000f99   Thumb Code    12  stm32f0xx_usart.o(.text)
    USART_SendData                           0x08000fa5   Thumb Code     8  stm32f0xx_usart.o(.text)
    USART_ReceiveData                        0x08000fad   Thumb Code    10  stm32f0xx_usart.o(.text)
    USART_SetAddress                         0x08000fb7   Thumb Code    18  stm32f0xx_usart.o(.text)
    USART_MuteModeCmd                        0x08000fc9   Thumb Code    28  stm32f0xx_usart.o(.text)
    USART_MuteModeWakeUpConfig               0x08000fe5   Thumb Code    18  stm32f0xx_usart.o(.text)
    USART_AddressDetectionConfig             0x08000ff7   Thumb Code    16  stm32f0xx_usart.o(.text)
    USART_LINBreakDetectLengthConfig         0x08001007   Thumb Code    16  stm32f0xx_usart.o(.text)
    USART_LINCmd                             0x08001017   Thumb Code    28  stm32f0xx_usart.o(.text)
    USART_HalfDuplexCmd                      0x08001033   Thumb Code    24  stm32f0xx_usart.o(.text)
    USART_SetGuardTime                       0x0800104b   Thumb Code    16  stm32f0xx_usart.o(.text)
    USART_SmartCardCmd                       0x0800105b   Thumb Code    24  stm32f0xx_usart.o(.text)
    USART_SmartCardNACKCmd                   0x08001073   Thumb Code    24  stm32f0xx_usart.o(.text)
    USART_SetAutoRetryCount                  0x0800108b   Thumb Code    20  stm32f0xx_usart.o(.text)
    USART_SetBlockLength                     0x0800109f   Thumb Code    30  stm32f0xx_usart.o(.text)
    USART_IrDAConfig                         0x080010bd   Thumb Code    16  stm32f0xx_usart.o(.text)
    USART_IrDACmd                            0x080010cd   Thumb Code    24  stm32f0xx_usart.o(.text)
    USART_DECmd                              0x080010e5   Thumb Code    28  stm32f0xx_usart.o(.text)
    USART_DEPolarityConfig                   0x08001101   Thumb Code    18  stm32f0xx_usart.o(.text)
    USART_SetDEAssertionTime                 0x08001113   Thumb Code    20  stm32f0xx_usart.o(.text)
    USART_SetDEDeassertionTime               0x08001127   Thumb Code    20  stm32f0xx_usart.o(.text)
    USART_DMACmd                             0x0800113b   Thumb Code    20  stm32f0xx_usart.o(.text)
    USART_DMAReceptionErrorConfig            0x0800114f   Thumb Code    18  stm32f0xx_usart.o(.text)
    USART_ITConfig                           0x08001161   Thumb Code    66  stm32f0xx_usart.o(.text)
    USART_RequestCmd                         0x080011a3   Thumb Code    20  stm32f0xx_usart.o(.text)
    USART_OverrunDetectionConfig             0x080011b7   Thumb Code    18  stm32f0xx_usart.o(.text)
    USART_GetFlagStatus                      0x080011c9   Thumb Code    20  stm32f0xx_usart.o(.text)
    USART_ClearFlag                          0x080011dd   Thumb Code     4  stm32f0xx_usart.o(.text)
    USART_GetITStatus                        0x080011e1   Thumb Code    78  stm32f0xx_usart.o(.text)
    USART_ClearITPendingBit                  0x0800122f   Thumb Code    18  stm32f0xx_usart.o(.text)
    EXTI_DeInit                              0x08001241   Thumb Code    20  stm32f0xx_exti.o(.text)
    EXTI_Init                                0x08001255   Thumb Code   132  stm32f0xx_exti.o(.text)
    EXTI_StructInit                          0x080012d9   Thumb Code    16  stm32f0xx_exti.o(.text)
    EXTI_GenerateSWInterrupt                 0x080012e9   Thumb Code    12  stm32f0xx_exti.o(.text)
    EXTI_GetFlagStatus                       0x080012f5   Thumb Code    22  stm32f0xx_exti.o(.text)
    EXTI_ClearFlag                           0x0800130b   Thumb Code     6  stm32f0xx_exti.o(.text)
    EXTI_GetITStatus                         0x08001311   Thumb Code    36  stm32f0xx_exti.o(.text)
    EXTI_ClearITPendingBit                   0x08001335   Thumb Code     6  stm32f0xx_exti.o(.text)
    LED_Init                                 0x08001349   Thumb Code    38  led.o(.text)
    LED_ON                                   0x0800136f   Thumb Code    14  led.o(.text)
    LED_OFF                                  0x0800137d   Thumb Code    14  led.o(.text)
    delay_ms                                 0x0800138d   Thumb Code    58  delay.o(.text)
    Delay_Init                               0x080013c7   Thumb Code    42  delay.o(.text)
    delay_us                                 0x080013f1   Thumb Code    58  delay.o(.text)
    init_code_input                          0x08001439   Thumb Code    42  code_input.o(.text)
    get_code_input                           0x08001463   Thumb Code    16  code_input.o(.text)
    get_Infrared_input                       0x08001473   Thumb Code    12  code_input.o(.text)
    set_infrared_en                          0x0800147f   Thumb Code    16  code_input.o(.text)
    init_gpio                                0x08001519   Thumb Code    96  board_gpio.o(.text)
    set_gpio_pin_val                         0x08001579   Thumb Code    42  board_gpio.o(.text)
    get_gpio_pin_val                         0x080015a3   Thumb Code    40  board_gpio.o(.text)
    get_gpio_group_val                       0x080015cb   Thumb Code    32  board_gpio.o(.text)
    gpio_interrupt_Config                    0x080015eb   Thumb Code   146  board_gpio.o(.text)
    EXTI0_1_IRQHandler                       0x0800167d   Thumb Code    36  board_gpio.o(.text)
    _sys_exit                                0x080016d1   Thumb Code     4  usart1.o(.text)
    fputc                                    0x080016d5   Thumb Code    22  usart1.o(.text)
    USART1_Init                              0x080016eb   Thumb Code    90  usart1.o(.text)
    USART1_IRQHandler                        0x08001745   Thumb Code    82  usart1.o(.text)
    Reset_Handler                            0x080017b5   Thumb Code     8  startup_stm32f0xx_ld.o(.text)
    NMI_Handler                              0x080017bd   Thumb Code     2  startup_stm32f0xx_ld.o(.text)
    HardFault_Handler                        0x080017bf   Thumb Code     2  startup_stm32f0xx_ld.o(.text)
    SVC_Handler                              0x080017c1   Thumb Code     2  startup_stm32f0xx_ld.o(.text)
    PendSV_Handler                           0x080017c3   Thumb Code     2  startup_stm32f0xx_ld.o(.text)
    SysTick_Handler                          0x080017c5   Thumb Code     2  startup_stm32f0xx_ld.o(.text)
    ADC1_IRQHandler                          0x080017c7   Thumb Code     0  startup_stm32f0xx_ld.o(.text)
    DMA1_Channel1_IRQHandler                 0x080017c7   Thumb Code     0  startup_stm32f0xx_ld.o(.text)
    DMA1_Channel2_3_IRQHandler               0x080017c7   Thumb Code     0  startup_stm32f0xx_ld.o(.text)
    DMA1_Channel4_5_IRQHandler               0x080017c7   Thumb Code     0  startup_stm32f0xx_ld.o(.text)
    EXTI2_3_IRQHandler                       0x080017c7   Thumb Code     0  startup_stm32f0xx_ld.o(.text)
    EXTI4_15_IRQHandler                      0x080017c7   Thumb Code     0  startup_stm32f0xx_ld.o(.text)
    FLASH_IRQHandler                         0x080017c7   Thumb Code     0  startup_stm32f0xx_ld.o(.text)
    I2C1_IRQHandler                          0x080017c7   Thumb Code     0  startup_stm32f0xx_ld.o(.text)
    PVD_IRQHandler                           0x080017c7   Thumb Code     0  startup_stm32f0xx_ld.o(.text)
    RCC_IRQHandler                           0x080017c7   Thumb Code     0  startup_stm32f0xx_ld.o(.text)
    RTC_IRQHandler                           0x080017c7   Thumb Code     0  startup_stm32f0xx_ld.o(.text)
    SPI1_IRQHandler                          0x080017c7   Thumb Code     0  startup_stm32f0xx_ld.o(.text)
    TIM14_IRQHandler                         0x080017c7   Thumb Code     0  startup_stm32f0xx_ld.o(.text)
    TIM16_IRQHandler                         0x080017c7   Thumb Code     0  startup_stm32f0xx_ld.o(.text)
    TIM17_IRQHandler                         0x080017c7   Thumb Code     0  startup_stm32f0xx_ld.o(.text)
    TIM1_BRK_UP_TRG_COM_IRQHandler           0x080017c7   Thumb Code     0  startup_stm32f0xx_ld.o(.text)
    TIM1_CC_IRQHandler                       0x080017c7   Thumb Code     0  startup_stm32f0xx_ld.o(.text)
    TIM2_IRQHandler                          0x080017c7   Thumb Code     0  startup_stm32f0xx_ld.o(.text)
    TIM3_IRQHandler                          0x080017c7   Thumb Code     0  startup_stm32f0xx_ld.o(.text)
    WWDG_IRQHandler                          0x080017c7   Thumb Code     0  startup_stm32f0xx_ld.o(.text)
    __user_initial_stackheap                 0x080017c9   Thumb Code     0  startup_stm32f0xx_ld.o(.text)
    SystemInit                               0x080018cd   Thumb Code   110  system_stm32f0xx.o(.text)
    SystemCoreClockUpdate                    0x0800193b   Thumb Code   154  system_stm32f0xx.o(.text)
    __use_no_semihosting                     0x080019f5   Thumb Code     2  use_no_semi_2.o(.text)
    __2printf                                0x080019f9   Thumb Code    22  noretval__2printf.o(.text)
    _printf_pre_padding                      0x08001a15   Thumb Code    44  _printf_pad.o(.text)
    _printf_post_padding                     0x08001a41   Thumb Code    34  _printf_pad.o(.text)
    _printf_str                              0x08001a63   Thumb Code    82  _printf_str.o(.text)
    _printf_int_dec                          0x08001ab5   Thumb Code    90  _printf_dec.o(.text)
    _printf_int_hex                          0x08001b21   Thumb Code    84  _printf_hex_int.o(.text)
    _printf_longlong_hex                     0x08001b21   Thumb Code     0  _printf_hex_int.o(.text)
    __printf                                 0x08001b79   Thumb Code   306  __printf_flags_wp.o(.text)
    _memset_w                                0x08001cb1   Thumb Code    26  rt_memclr.o(.text)
    _memset                                  0x08001ccb   Thumb Code    30  rt_memclr.o(.text)
    __aeabi_memclr                           0x08001ce9   Thumb Code     4  rt_memclr.o(.text)
    __rt_memclr                              0x08001ce9   Thumb Code     0  rt_memclr.o(.text)
    __aeabi_memclr4                          0x08001ced   Thumb Code     0  rt_memclr.o(.text)
    __aeabi_memclr8                          0x08001ced   Thumb Code     0  rt_memclr.o(.text)
    __rt_memclr_w                            0x08001ced   Thumb Code     4  rt_memclr.o(.text)
    __aeabi_uidiv                            0x08001cf1   Thumb Code     0  aeabi_sdiv.o(.text)
    __aeabi_uidivmod                         0x08001cf1   Thumb Code    20  aeabi_sdiv.o(.text)
    __aeabi_idiv                             0x08001d05   Thumb Code     0  aeabi_sdiv.o(.text)
    __aeabi_idivmod                          0x08001d05   Thumb Code   326  aeabi_sdiv.o(.text)
    __use_two_region_memory                  0x08001e4b   Thumb Code     2  heapauxi.o(.text)
    __rt_heap_escrow$2region                 0x08001e4d   Thumb Code     2  heapauxi.o(.text)
    __rt_heap_expand$2region                 0x08001e4f   Thumb Code     2  heapauxi.o(.text)
    __I$use$semihosting                      0x08001e51   Thumb Code     0  use_no_semi.o(.text)
    __use_no_semihosting_swi                 0x08001e51   Thumb Code     2  use_no_semi.o(.text)
    _printf_int_common                       0x08001e53   Thumb Code   176  _printf_intcommon.o(.text)
    _printf_cs_common                        0x08001f03   Thumb Code    22  _printf_char.o(.text)
    _printf_char                             0x08001f19   Thumb Code    16  _printf_char.o(.text)
    _printf_string                           0x08001f29   Thumb Code     8  _printf_char.o(.text)
    _printf_char_file                        0x08001f31   Thumb Code    34  _printf_char_file.o(.text)
    __rt_udiv10                              0x08001f59   Thumb Code    40  rtudiv10.o(.text)
    _printf_char_common                      0x08001f8b   Thumb Code    32  _printf_char_common.o(.text)
    ferror                                   0x08001fb1   Thumb Code     8  ferror.o(.text)
    __user_setup_stackheap                   0x08001fb9   Thumb Code    62  sys_stackheap_outer.o(.text)
    exit                                     0x08001ff7   Thumb Code    12  exit.o(.text)
    __user_libspace                          0x08002005   Thumb Code     8  libspace.o(.text)
    __user_perproc_libspace                  0x08002005   Thumb Code     0  libspace.o(.text)
    __user_perthread_libspace                0x08002005   Thumb Code     0  libspace.o(.text)
    __decompress                             0x0800200d   Thumb Code     0  __dczerorl2.o(.text)
    __decompress1                            0x0800200d   Thumb Code    86  __dczerorl2.o(.text)
    _is_digit                                0x08002063   Thumb Code    14  __printf_wp.o(i._is_digit)
    Region$$Table$$Base                      0x080020ac   Number         0  anon$$obj.o(Region$$Table)
    Region$$Table$$Limit                     0x080020cc   Number         0  anon$$obj.o(Region$$Table)
    fac_ms                                   0x20000050   Data           2  delay.o(.data)
    fac_us                                   0x20000052   Data           1  delay.o(.data)
    data_pin_ctl                             0x20000054   Data         192  code_input.o(.data)
    gpio_intr                                0x20000114   Data          16  code_input.o(.data)
    gpio_bit_val                             0x20000124   Data           4  board_gpio.o(.data)
    __stdout                                 0x20000128   Data           4  usart1.o(.data)
    GPIO_InitStructure                       0x2000012c   Data           8  usart1.o(.data)
    USART_InitStructure                      0x20000134   Data          24  usart1.o(.data)
    NVIC_InitStruct                          0x2000014c   Data           3  usart1.o(.data)
    SystemCoreClock                          0x20000150   Data           4  system_stm32f0xx.o(.data)
    AHBPrescTable                            0x20000154   Data          16  system_stm32f0xx.o(.data)
    __libspace_start                         0x20000190   Data          96  libspace.o(.bss)
    __temporary_stack_top$libspace           0x200001f0   Data           0  libspace.o(.bss)



==============================================================================

Memory Map of the image

  Image Entry point : 0x080000b1

  Load Region LR_IROM1 (Base: 0x08000000, Size: 0x00002230, Max: 0x00004000, ABSOLUTE, COMPRESSED[0x00002174])

    Execution Region ER_IROM1 (Base: 0x08000000, Size: 0x000020cc, Max: 0x00004000, ABSOLUTE)

    Base Addr    Size         Type   Attr      Idx    E Section Name        Object

    0x08000000   0x000000b0   Data   RO          386    RESET               startup_stm32f0xx_ld.o
    0x080000b0   0x00000008   Code   RO          486  * !!!main             c_p.l(__main.o)
    0x080000b8   0x0000003c   Code   RO          671    !!!scatter          c_p.l(__scatter.o)
    0x080000f4   0x0000001c   Code   RO          673    !!handler_zi        c_p.l(__scatter_zi.o)
    0x08000110   0x00000002   Code   RO          477    .ARM.Collect$$_printf_percent$$00000000  c_p.l(_printf_percent.o)
    0x08000112   0x0000000a   Code   RO          476    .ARM.Collect$$_printf_percent$$00000009  c_p.l(_printf_d.o)
    0x0800011c   0x0000000a   Code   RO          475    .ARM.Collect$$_printf_percent$$0000000C  c_p.l(_printf_x.o)
    0x08000126   0x0000000a   Code   RO          474    .ARM.Collect$$_printf_percent$$00000014  c_p.l(_printf_s.o)
    0x08000130   0x00000004   Code   RO          501    .ARM.Collect$$_printf_percent$$00000017  c_p.l(_printf_percent_end.o)
    0x08000134   0x00000002   Code   RO          543    .ARM.Collect$$libinit$$00000000  c_p.l(libinit.o)
    0x08000136   0x00000000   Code   RO          557    .ARM.Collect$$libinit$$00000002  c_p.l(libinit2.o)
    0x08000136   0x00000000   Code   RO          559    .ARM.Collect$$libinit$$00000004  c_p.l(libinit2.o)
    0x08000136   0x00000000   Code   RO          562    .ARM.Collect$$libinit$$0000000A  c_p.l(libinit2.o)
    0x08000136   0x00000000   Code   RO          564    .ARM.Collect$$libinit$$0000000C  c_p.l(libinit2.o)
    0x08000136   0x00000000   Code   RO          566    .ARM.Collect$$libinit$$0000000E  c_p.l(libinit2.o)
    0x08000136   0x00000000   Code   RO          569    .ARM.Collect$$libinit$$00000011  c_p.l(libinit2.o)
    0x08000136   0x00000000   Code   RO          571    .ARM.Collect$$libinit$$00000013  c_p.l(libinit2.o)
    0x08000136   0x00000000   Code   RO          573    .ARM.Collect$$libinit$$00000015  c_p.l(libinit2.o)
    0x08000136   0x00000000   Code   RO          575    .ARM.Collect$$libinit$$00000017  c_p.l(libinit2.o)
    0x08000136   0x00000000   Code   RO          577    .ARM.Collect$$libinit$$00000019  c_p.l(libinit2.o)
    0x08000136   0x00000000   Code   RO          579    .ARM.Collect$$libinit$$0000001B  c_p.l(libinit2.o)
    0x08000136   0x00000000   Code   RO          581    .ARM.Collect$$libinit$$0000001D  c_p.l(libinit2.o)
    0x08000136   0x00000000   Code   RO          583    .ARM.Collect$$libinit$$0000001F  c_p.l(libinit2.o)
    0x08000136   0x00000000   Code   RO          585    .ARM.Collect$$libinit$$00000021  c_p.l(libinit2.o)
    0x08000136   0x00000000   Code   RO          587    .ARM.Collect$$libinit$$00000023  c_p.l(libinit2.o)
    0x08000136   0x00000000   Code   RO          589    .ARM.Collect$$libinit$$00000025  c_p.l(libinit2.o)
    0x08000136   0x00000000   Code   RO          593    .ARM.Collect$$libinit$$0000002C  c_p.l(libinit2.o)
    0x08000136   0x00000000   Code   RO          595    .ARM.Collect$$libinit$$0000002E  c_p.l(libinit2.o)
    0x08000136   0x00000000   Code   RO          597    .ARM.Collect$$libinit$$00000030  c_p.l(libinit2.o)
    0x08000136   0x00000000   Code   RO          599    .ARM.Collect$$libinit$$00000032  c_p.l(libinit2.o)
    0x08000136   0x00000002   Code   RO          600    .ARM.Collect$$libinit$$00000033  c_p.l(libinit2.o)
    0x08000138   0x00000002   Code   RO          626    .ARM.Collect$$libshutdown$$00000000  c_p.l(libshutdown.o)
    0x0800013a   0x00000000   Code   RO          654    .ARM.Collect$$libshutdown$$00000003  c_p.l(libshutdown2.o)
    0x0800013a   0x00000000   Code   RO          657    .ARM.Collect$$libshutdown$$00000006  c_p.l(libshutdown2.o)
    0x0800013a   0x00000000   Code   RO          660    .ARM.Collect$$libshutdown$$00000009  c_p.l(libshutdown2.o)
    0x0800013a   0x00000000   Code   RO          662    .ARM.Collect$$libshutdown$$0000000B  c_p.l(libshutdown2.o)
    0x0800013a   0x00000000   Code   RO          665    .ARM.Collect$$libshutdown$$0000000E  c_p.l(libshutdown2.o)
    0x0800013a   0x00000002   Code   RO          666    .ARM.Collect$$libshutdown$$0000000F  c_p.l(libshutdown2.o)
    0x0800013c   0x00000000   Code   RO          490    .ARM.Collect$$rtentry$$00000000  c_p.l(__rtentry.o)
    0x0800013c   0x00000000   Code   RO          505    .ARM.Collect$$rtentry$$00000002  c_p.l(__rtentry2.o)
    0x0800013c   0x00000006   Code   RO          517    .ARM.Collect$$rtentry$$00000004  c_p.l(__rtentry4.o)
    0x08000142   0x00000000   Code   RO          507    .ARM.Collect$$rtentry$$00000009  c_p.l(__rtentry2.o)
    0x08000142   0x00000004   Code   RO          508    .ARM.Collect$$rtentry$$0000000A  c_p.l(__rtentry2.o)
    0x08000146   0x00000000   Code   RO          510    .ARM.Collect$$rtentry$$0000000C  c_p.l(__rtentry2.o)
    0x08000146   0x00000008   Code   RO          511    .ARM.Collect$$rtentry$$0000000D  c_p.l(__rtentry2.o)
    0x0800014e   0x00000002   Code   RO          548    .ARM.Collect$$rtexit$$00000000  c_p.l(rtexit.o)
    0x08000150   0x00000000   Code   RO          602    .ARM.Collect$$rtexit$$00000002  c_p.l(rtexit2.o)
    0x08000150   0x00000004   Code   RO          603    .ARM.Collect$$rtexit$$00000003  c_p.l(rtexit2.o)
    0x08000154   0x00000006   Code   RO          604    .ARM.Collect$$rtexit$$00000004  c_p.l(rtexit2.o)
    0x0800015a   0x00000002   PAD
    0x0800015c   0x000001e4   Code   RO            3    .text               main.o
    0x08000340   0x000001f0   Code   RO          143    .text               stm32f0xx_gpio.o
    0x08000530   0x000005f8   Code   RO          163    .text               stm32f0xx_rcc.o
    0x08000b28   0x000000b4   Code   RO          185    .text               stm32f0xx_misc.o
    0x08000bdc   0x000000f0   Code   RO          205    .text               stm32f0xx_syscfg.o
    0x08000ccc   0x00000574   Code   RO          225    .text               stm32f0xx_usart.o
    0x08001240   0x00000108   Code   RO          245    .text               stm32f0xx_exti.o
    0x08001348   0x00000042   Code   RO          265    .text               led.o
    0x0800138a   0x00000002   PAD
    0x0800138c   0x000000ac   Code   RO          285    .text               delay.o
    0x08001438   0x00000060   Code   RO          311    .text               code_input.o
    0x08001498   0x00000238   Code   RO          334    .text               board_gpio.o
    0x080016d0   0x000000e4   Code   RO          358    .text               usart1.o
    0x080017b4   0x00000038   Code   RO          387    .text               startup_stm32f0xx_ld.o
    0x080017ec   0x00000208   Code   RO          393    .text               system_stm32f0xx.o
    0x080019f4   0x00000002   Code   RO          419    .text               c_p.l(use_no_semi_2.o)
    0x080019f6   0x00000002   PAD
    0x080019f8   0x0000001c   Code   RO          423    .text               c_p.l(noretval__2printf.o)
    0x08001a14   0x0000004e   Code   RO          427    .text               c_p.l(_printf_pad.o)
    0x08001a62   0x00000052   Code   RO          429    .text               c_p.l(_printf_str.o)
    0x08001ab4   0x0000006c   Code   RO          431    .text               c_p.l(_printf_dec.o)
    0x08001b20   0x00000058   Code   RO          436    .text               c_p.l(_printf_hex_int.o)
    0x08001b78   0x00000138   Code   RO          466    .text               c_p.l(__printf_flags_wp.o)
    0x08001cb0   0x00000040   Code   RO          478    .text               c_p.l(rt_memclr.o)
    0x08001cf0   0x0000015a   Code   RO          480    .text               c_p.l(aeabi_sdiv.o)
    0x08001e4a   0x00000006   Code   RO          484    .text               c_p.l(heapauxi.o)
    0x08001e50   0x00000002   Code   RO          488    .text               c_p.l(use_no_semi.o)
    0x08001e52   0x000000b0   Code   RO          495    .text               c_p.l(_printf_intcommon.o)
    0x08001f02   0x0000002e   Code   RO          497    .text               c_p.l(_printf_char.o)
    0x08001f30   0x00000028   Code   RO          499    .text               c_p.l(_printf_char_file.o)
    0x08001f58   0x00000028   Code   RO          502    .text               c_p.l(rtudiv10.o)
    0x08001f80   0x00000030   Code   RO          521    .text               c_p.l(_printf_char_common.o)
    0x08001fb0   0x00000008   Code   RO          523    .text               c_p.l(ferror.o)
    0x08001fb8   0x0000003e   Code   RO          527    .text               c_p.l(sys_stackheap_outer.o)
    0x08001ff6   0x0000000c   Code   RO          532    .text               c_p.l(exit.o)
    0x08002002   0x00000002   PAD
    0x08002004   0x00000008   Code   RO          544    .text               c_p.l(libspace.o)
    0x0800200c   0x00000056   Code   RO          669    .text               c_p.l(__dczerorl2.o)
    0x08002062   0x0000000e   Code   RO          464    i._is_digit         c_p.l(__printf_wp.o)
    0x08002070   0x00000028   Data   RO          437    .constdata          c_p.l(_printf_hex_int.o)
    0x08002098   0x00000011   Data   RO          467    .constdata          c_p.l(__printf_flags_wp.o)
    0x080020a9   0x00000003   PAD
    0x080020ac   0x00000020   Data   RO          667    Region$$Table       anon$$obj.o


    Execution Region RW_IRAM1 (Base: 0x20000000, Size: 0x000007f0, Max: 0x00001000, ABSOLUTE, COMPRESSED[0x000000a8])

    Base Addr    Size         Type   Attr      Idx    E Section Name        Object

    0x20000000   0x00000040   Data   RW            4    .data               main.o
    0x20000040   0x00000010   Data   RW          164    .data               stm32f0xx_rcc.o
    0x20000050   0x00000003   Data   RW          286    .data               delay.o
    0x20000053   0x00000001   PAD
    0x20000054   0x000000d0   Data   RW          312    .data               code_input.o
    0x20000124   0x00000004   Data   RW          336    .data               board_gpio.o
    0x20000128   0x00000028   Data   RW          360    .data               usart1.o
    0x20000150   0x00000014   Data   RW          394    .data               system_stm32f0xx.o
    0x20000164   0x0000000c   Zero   RW          335    .bss                board_gpio.o
    0x20000170   0x00000020   Zero   RW          359    .bss                usart1.o
    0x20000190   0x00000060   Zero   RW          545    .bss                c_p.l(libspace.o)
    0x200001f0   0x00000200   Zero   RW          385    HEAP                startup_stm32f0xx_ld.o
    0x200003f0   0x00000400   Zero   RW          384    STACK               startup_stm32f0xx_ld.o


==============================================================================

Image component sizes


      Code (inc. data)   RO Data    RW Data    ZI Data      Debug   Object Name

       568         48          0          4         12       3293   board_gpio.o
        96         10          0        208          0       1597   code_input.o
       172         14          0          3          0        983   delay.o
        66          0          0          0          0        654   led.o
       484         56          0         64          0     118037   main.o
        56         26        176          0       1536        612   startup_stm32f0xx_ld.o
       264         14          0          0          0       2099   stm32f0xx_exti.o
       496         22          0          0          0       3525   stm32f0xx_gpio.o
       180         14          0          0          0       1216   stm32f0xx_misc.o
      1528         42          0         16          0       8298   stm32f0xx_rcc.o
       240          4          0          0          0       1938   stm32f0xx_syscfg.o
      1396         12          0          0          0      11879   stm32f0xx_usart.o
       520         32          0         20          0       1587   system_stm32f0xx.o
       228         30          0         40         32       3085   usart1.o

    ----------------------------------------------------------------------
      6296        324        208        356       1580     158803   Object Totals
         0          0         32          0          0          0   (incl. Generated)
         2          0          0          1          0          0   (incl. Padding)

    ----------------------------------------------------------------------

      Code (inc. data)   RO Data    RW Data    ZI Data      Debug   Library Member Name

        86          0          0          0          0          0   __dczerorl2.o
         8          0          0          0          0         68   __main.o
       312          6         17          0          0         76   __printf_flags_wp.o
        14          0          0          0          0         60   __printf_wp.o
         0          0          0          0          0          0   __rtentry.o
        12          0          0          0          0          0   __rtentry2.o
         6          0          0          0          0          0   __rtentry4.o
        60          8          0          0          0          0   __scatter.o
        28          0          0          0          0          0   __scatter_zi.o
        46          0          0          0          0        100   _printf_char.o
        48          6          0          0          0         88   _printf_char_common.o
        40          6          0          0          0         72   _printf_char_file.o
        10          0          0          0          0          0   _printf_d.o
       108         18          0          0          0         76   _printf_dec.o
        88          4         40          0          0         72   _printf_hex_int.o
       176          0          0          0          0         84   _printf_intcommon.o
        78          0          0          0          0        100   _printf_pad.o
         2          0          0          0          0          0   _printf_percent.o
         4          0          0          0          0          0   _printf_percent_end.o
        10          0          0          0          0          0   _printf_s.o
        82          0          0          0          0         72   _printf_str.o
        10          0          0          0          0          0   _printf_x.o
       346          0          0          0          0         92   aeabi_sdiv.o
        12          0          0          0          0         64   exit.o
         8          0          0          0          0         60   ferror.o
         6          0          0          0          0        136   heapauxi.o
         2          0          0          0          0          0   libinit.o
         2          0          0          0          0          0   libinit2.o
         2          0          0          0          0          0   libshutdown.o
         2          0          0          0          0          0   libshutdown2.o
         8          4          0          0         96         68   libspace.o
        28          6          0          0          0         84   noretval__2printf.o
        64          0          0          0          0        108   rt_memclr.o
         2          0          0          0          0          0   rtexit.o
        10          0          0          0          0          0   rtexit2.o
        40          0          0          0          0         60   rtudiv10.o
        62          0          0          0          0         80   sys_stackheap_outer.o
         2          0          0          0          0         68   use_no_semi.o
         2          0          0          0          0         68   use_no_semi_2.o

    ----------------------------------------------------------------------
      1832         58         60          0         96       1756   Library Totals
         6          0          3          0          0          0   (incl. Padding)

    ----------------------------------------------------------------------

      Code (inc. data)   RO Data    RW Data    ZI Data      Debug   Library Name

      1826         58         57          0         96       1756   c_p.l

    ----------------------------------------------------------------------
      1832         58         60          0         96       1756   Library Totals

    ----------------------------------------------------------------------

==============================================================================


      Code (inc. data)   RO Data    RW Data    ZI Data      Debug   

      8128        382        268        356       1676     158783   Grand Totals
      8128        382        268        168       1676     158783   ELF Image Totals (compressed)
      8128        382        268        168          0          0   ROM Totals

==============================================================================

    Total RO  Size (Code + RO Data)                 8396 (   8.20kB)
    Total RW  Size (RW Data + ZI Data)              2032 (   1.98kB)
    Total ROM Size (Code + RO Data + RW Data)       8564 (   8.36kB)

==============================================================================

