<html>
<body>
<pre>
<h1>µVision Build Log</h1>
<h2>Tool Versions:</h2>
IDE-Version: ¦ÌVision V5.15
Copyright (C) 2015 ARM Ltd and ARM Germany GmbH. All rights reserved.
License Information: fan fx, wh, LIC=9N001-C7GFA-RDQK3-AXW79-LU2XA-204DB
 
Tool Versions:
Toolchain:       MDK-ARM Professional  Version: 5.15.0
Toolchain Path:  C:\Keil_v5\ARM\ARMCC\Bin
C Compiler:      Armcc.exe V5.05 update 2 (build 169)
Assembler:       Armasm.exe V5.05 update 2 (build 169)
Linker/Locator:  ArmLink.exe V5.05 update 2 (build 169)
Library Manager: ArmAr.exe V5.05 update 2 (build 169)
Hex Converter:   FromElf.exe V5.05 update 2 (build 169)
CPU DLL:         SARMCM3.DLL V5.15.0
Dialog DLL:      DCM.DLL V1.13.2.0
Target DLL:      STLink\ST-LINKIII-KEIL_SWO.dll V2.0.15.0_KEIL
Dialog DLL:      TCM.DLL V1.14.5.0
 
<h2>Project:</h2>
E:\work_fan\stm32\git_tape\tape\stm32f030_tape\Proj\LED.uvprojx
Project File Date:  09/17/2016

<h2>Output:</h2>
*** Using Compiler 'V5.05 update 2 (build 169)', folder: 'C:\Keil_v5\ARM\ARMCC\Bin'
Build target 'Target 1'
compiling main.c...
..\User\main.c(33): warning:  #68-D: integer conversion resulted in a change of sign
        unsigned int step_val_old = -1, step_val_new;
..\User\main.c(12): warning:  #177-D: variable "new_code" was declared but never referenced
        int new_code,ag = 0;
..\User\main.c(12): warning:  #177-D: variable "ag" was declared but never referenced
        int new_code,ag = 0;
..\User\main.c: 3 warnings, 0 errors
compiling led.c...
compiling delay.c...
compiling code_input.c...
compiling board_gpio.c...
..\My_Lib\gpio\board_gpio.c(167): warning:  #177-D: variable "ret" was declared but never referenced
        int ret;
..\My_Lib\gpio\board_gpio.c(30): warning:  #177-D: function "nm2bit" was declared but never referenced
  static uint32_t nm2bit(int nm){
..\My_Lib\gpio\board_gpio.c: 2 warnings, 0 errors
compiling USART1.c...
compiling code_proc.c...
compiling board_adc.c...
linking...
Program Size: Code=9376 RO-data=268 RW-data=424 ZI-data=1680  
".\LED.axf" - 0 Error(s), 5 Warning(s).

<h2>Collection of Component include folders:</h2>
  E:\work_fan\stm32\git_tape\tape\stm32f030_tape\Proj\RTE
  C:\Keil_v5\ARM\PACK\Keil\STM32F0xx_DFP\1.5.0\Device\Include

<h2>Collection of Component Files used:</h2>
</pre>
</body>
</html>
